0 verbose cli /usr/bin/node /usr/bin/npm
1 info using npm@9.2.0
2 info using node@v18.19.1
3 timing npm:load:whichnode Completed in 0ms
4 timing config:load:defaults Completed in 5ms
5 timing config:load:file:/usr/share/nodejs/npm/npmrc Completed in 11ms
6 timing config:load:builtin Completed in 11ms
7 timing config:load:cli Completed in 4ms
8 timing config:load:env Completed in 1ms
9 info found workspace root at /mnt/c/Users/HP/Downloads/s4tech-crm
10 timing config:load:file:/mnt/c/Users/HP/Downloads/s4tech-crm/.npmrc Completed in 1ms
11 timing config:load:project Completed in 49ms
12 timing config:load:file:/home/srijan/.npmrc Completed in 0ms
13 timing config:load:user Completed in 1ms
14 timing config:load:file:/etc/npmrc Completed in 0ms
15 timing config:load:global Completed in 0ms
16 timing config:load:setEnvs Completed in 2ms
17 timing config:load Completed in 73ms
18 timing npm:load:configload Completed in 73ms
19 timing npm:load:mkdirpcache Completed in 1ms
20 timing npm:load:mkdirplogs Completed in 1ms
21 verbose title npm install dotenv
22 verbose argv "install" "dotenv"
23 timing npm:load:setTitle Completed in 3ms
24 timing config:load:flatten Completed in 7ms
25 timing npm:load:display Completed in 8ms
26 verbose logfile logs-max:10 dir:/home/srijan/.npm/_logs/2025-11-11T14_21_59_274Z-
27 verbose logfile /home/srijan/.npm/_logs/2025-11-11T14_21_59_274Z-debug-0.log
28 timing npm:load:logFile Completed in 14ms
29 timing npm:load:timers Completed in 0ms
30 timing npm:load:configScope Completed in 0ms
31 timing npm:load Completed in 103ms
32 silly logfile start cleaning logs, removing 1 files
33 timing config:load:flatten Completed in 2ms
34 silly logfile done cleaning log files
35 timing arborist:ctor Completed in 3ms
36 timing idealTree:init Completed in 906ms
37 timing idealTree:userRequests Completed in 3ms
38 silly idealTree buildDeps
39 timing idealTree:#root Completed in 0ms
40 silly fetch manifest dotenv@^16.3.1
41 verbose shrinkwrap failed to load node_modules/.package-lock.json out of date, updated: server
42 http fetch GET 200 https://registry.npmjs.org/dotenv 659ms (cache revalidated)
43 silly placeDep ROOT dotenv@16.6.1 REPLACE for: s4tech-crm-server@1.0.0 want: ^16.3.1
44 timing idealTree:server Completed in 675ms
45 timing idealTree:node_modules/dotenv Completed in 1ms
46 timing idealTree:client Completed in 0ms
47 timing idealTree:buildDeps Completed in 679ms
48 timing idealTree:fixDepFlags Completed in 4ms
49 warn EBADENGINE Unsupported engine {
49 warn EBADENGINE   package: '@firebase/component@0.7.0',
49 warn EBADENGINE   required: { node: '>=20.0.0' },
49 warn EBADENGINE   current: { node: 'v18.19.1', npm: '9.2.0' }
49 warn EBADENGINE }
50 warn EBADENGINE Unsupported engine {
50 warn EBADENGINE   package: '@firebase/database@1.1.0',
50 warn EBADENGINE   required: { node: '>=20.0.0' },
50 warn EBADENGINE   current: { node: 'v18.19.1', npm: '9.2.0' }
50 warn EBADENGINE }
51 warn EBADENGINE Unsupported engine {
51 warn EBADENGINE   package: '@firebase/database-compat@2.1.0',
51 warn EBADENGINE   required: { node: '>=20.0.0' },
51 warn EBADENGINE   current: { node: 'v18.19.1', npm: '9.2.0' }
51 warn EBADENGINE }
52 warn EBADENGINE Unsupported engine {
52 warn EBADENGINE   package: '@firebase/logger@0.5.0',
52 warn EBADENGINE   required: { node: '>=20.0.0' },
52 warn EBADENGINE   current: { node: 'v18.19.1', npm: '9.2.0' }
52 warn EBADENGINE }
53 warn EBADENGINE Unsupported engine {
53 warn EBADENGINE   package: '@firebase/util@1.13.0',
53 warn EBADENGINE   required: { node: '>=20.0.0' },
53 warn EBADENGINE   current: { node: 'v18.19.1', npm: '9.2.0' }
53 warn EBADENGINE }
54 timing idealTree Completed in 1607ms
55 timing reify:loadTrees Completed in 5106ms
56 timing reify:diffTrees Completed in 130ms
57 silly reify moves {}
58 timing reify:retireShallow Completed in 0ms
59 timing reify:createSparse Completed in 4ms
60 timing reify:loadBundles Completed in 0ms
61 silly audit bulk request {
61 silly audit   '@firebase/component': [ '0.7.0' ],
61 silly audit   '@firebase/database': [ '1.1.0' ],
61 silly audit   '@firebase/database-compat': [ '2.1.0' ],
61 silly audit   '@firebase/database-types': [ '1.0.16' ],
61 silly audit   '@firebase/logger': [ '0.5.0' ],
61 silly audit   '@firebase/util': [ '1.13.0' ],
61 silly audit   '@grpc/grpc-js': [ '1.14.1' ],
61 silly audit   debug: [ '4.4.3', '2.6.9' ],
61 silly audit   ms: [ '2.1.3', '2.0.0' ],
61 silly audit   semver: [ '7.7.3' ],
61 silly audit   'lru-cache': [ '6.0.0' ],
61 silly audit   yallist: [ '4.0.0' ],
61 silly audit   '@fastify/busboy': [ '3.2.0' ],
61 silly audit   '@firebase/app-check-interop-types': [ '0.3.3' ],
61 silly audit   '@firebase/app-types': [ '0.9.3' ],
61 silly audit   '@firebase/auth-interop-types': [ '0.2.4' ],
61 silly audit   '@gar/promisify': [ '1.1.3' ],
61 silly audit   '@google-cloud/firestore': [ '7.11.6' ],
61 silly audit   '@google-cloud/paginator': [ '5.0.2' ],
61 silly audit   '@google-cloud/projectify': [ '4.0.0' ],
61 silly audit   '@google-cloud/promisify': [ '4.0.0' ],
61 silly audit   '@google-cloud/storage': [ '7.17.3' ],
61 silly audit   'agent-base': [ '7.1.4', '6.0.2' ],
61 silly audit   gaxios: [ '6.7.1', '5.1.3' ],
61 silly audit   uuid: [ '9.0.1', '8.3.2', '11.1.0' ],
61 silly audit   'https-proxy-agent': [ '7.0.6', '5.0.1' ],
61 silly audit   '@grpc/proto-loader': [ '0.8.0', '0.7.15' ],
61 silly audit   '@js-sdsl/ordered-map': [ '4.4.2' ],
61 silly audit   '@mongodb-js/saslprep': [ '1.3.2' ],
61 silly audit   '@npmcli/fs': [ '1.1.1' ],
61 silly audit   '@npmcli/move-file': [ '1.1.2' ],
61 silly audit   '@opentelemetry/api': [ '1.9.0' ],
61 silly audit   '@protobufjs/aspromise': [ '1.1.2' ],
61 silly audit   '@protobufjs/base64': [ '1.1.2' ],
61 silly audit   '@protobufjs/codegen': [ '2.0.4' ],
61 silly audit   '@protobufjs/eventemitter': [ '1.1.0' ],
61 silly audit   '@protobufjs/fetch': [ '1.1.0' ],
61 silly audit   '@protobufjs/float': [ '1.0.2' ],
61 silly audit   '@protobufjs/inquire': [ '1.1.0' ],
61 silly audit   '@protobufjs/path': [ '1.1.2' ],
61 silly audit   '@protobufjs/pool': [ '1.1.0' ],
61 silly audit   '@protobufjs/utf8': [ '1.1.0' ],
61 silly audit   '@tootallnate/once': [ '1.1.2', '2.0.0' ],
61 silly audit   '@types/body-parser': [ '1.19.6' ],
61 silly audit   '@types/caseless': [ '0.12.5' ],
61 silly audit   '@types/connect': [ '3.4.38' ],
61 silly audit   '@types/express': [ '4.17.25' ],
61 silly audit   '@types/express-serve-static-core': [ '4.19.7' ],
61 silly audit   '@types/http-errors': [ '2.0.5' ],
61 silly audit   '@types/jsonwebtoken': [ '9.0.10' ],
61 silly audit   '@types/long': [ '4.0.2' ],
61 silly audit   '@types/mime': [ '1.3.5' ],
61 silly audit   '@types/ms': [ '2.1.0' ],
61 silly audit   '@types/node': [ '24.10.0', '22.19.0' ],
61 silly audit   '@types/qs': [ '6.14.0' ],
61 silly audit   '@types/range-parser': [ '1.2.7' ],
61 silly audit   '@types/request': [ '2.48.13' ],
61 silly audit   'form-data': [ '2.5.5' ],
61 silly audit   '@types/send': [ '1.2.1', '0.17.6' ],
61 silly audit   '@types/serve-static': [ '1.15.10' ],
61 silly audit   '@types/tough-cookie': [ '4.0.5' ],
61 silly audit   '@types/webidl-conversions': [ '7.0.3' ],
61 silly audit   '@types/whatwg-url': [ '11.0.5' ],
61 silly audit   abbrev: [ '1.1.1' ],
61 silly audit   'abort-controller': [ '3.0.0' ],
61 silly audit   accepts: [ '1.3.8' ],
61 silly audit   agentkeepalive: [ '4.6.0' ],
61 silly audit   'aggregate-error': [ '3.1.0' ],
61 silly audit   'ansi-regex': [ '5.0.1' ],
61 silly audit   'ansi-styles': [ '4.3.0' ],
61 silly audit   anymatch: [ '3.1.3' ],
61 silly audit   aproba: [ '2.1.0' ],
61 silly audit   'are-we-there-yet': [ '3.0.1' ],
61 silly audit   'array-flatten': [ '1.1.1' ],
61 silly audit   arrify: [ '2.0.1' ],
61 silly audit   'async-retry': [ '1.3.3' ],
61 silly audit   retry: [ '0.13.1', '0.12.0' ],
61 silly audit   asynckit: [ '0.4.0' ],
61 silly audit   'balanced-match': [ '1.0.2' ],
61 silly audit   'base64-js': [ '1.5.1' ],
61 silly audit   'bignumber.js': [ '9.3.1' ],
61 silly audit   'binary-extensions': [ '2.3.0' ],
61 silly audit   bindings: [ '1.5.0' ],
61 silly audit   bl: [ '4.1.0' ],
61 silly audit   'body-parser': [ '1.20.3' ],
61 silly audit   'brace-expansion': [ '1.1.12' ],
61 silly audit   braces: [ '3.0.3' ],
61 silly audit   bson: [ '6.10.4' ],
61 silly audit   buffer: [ '5.7.1' ],
61 silly audit   'buffer-equal-constant-time': [ '1.0.1' ],
61 silly audit   bytes: [ '3.1.2' ],
61 silly audit   cacache: [ '15.3.0' ],
61 silly audit   glob: [ '7.2.3' ],
61 silly audit   minimatch: [ '3.1.2' ],
61 silly audit   minipass: [ '3.3.6', '5.0.0' ],
61 silly audit   'call-bind-apply-helpers': [ '1.0.2' ],
61 silly audit   'call-bound': [ '1.0.4' ],
61 silly audit   'supports-color': [ '5.5.0' ],
61 silly audit   chokidar: [ '3.6.0' ],
61 silly audit   'glob-parent': [ '5.1.2' ],
61 silly audit   chownr: [ '2.0.0', '1.1.4' ],
61 silly audit   'clean-stack': [ '2.2.0' ],
61 silly audit   cliui: [ '8.0.1' ],
61 silly audit   'emoji-regex': [ '8.0.0' ],
61 silly audit   'string-width': [ '4.2.3' ],
61 silly audit   'strip-ansi': [ '6.0.1' ],
61 silly audit   'wrap-ansi': [ '7.0.0' ],
61 silly audit   'color-convert': [ '2.0.1' ],
61 silly audit   'color-name': [ '1.1.4' ],
61 silly audit   'color-support': [ '1.1.3' ],
61 silly audit   'combined-stream': [ '1.0.8' ],
61 silly audit   'concat-map': [ '0.0.1' ],
61 silly audit   'console-control-strings': [ '1.1.0' ],
61 silly audit   'content-disposition': [ '0.5.4' ],
61 silly audit   'content-type': [ '1.0.5' ],
61 silly audit   cookie: [ '0.7.1' ],
61 silly audit   'cookie-signature': [ '1.0.6' ],
61 silly audit   cors: [ '2.8.5' ],
61 silly audit   'decompress-response': [ '6.0.0' ],
61 silly audit   'deep-extend': [ '0.6.0' ],
61 silly audit   'delayed-stream': [ '1.0.0' ],
61 silly audit   delegates: [ '1.0.0' ],
61 silly audit   depd: [ '2.0.0' ],
61 silly audit   destroy: [ '1.2.0' ],
61 silly audit   'detect-libc': [ '2.1.2' ],
61 silly audit   'dunder-proto': [ '1.0.1' ],
61 silly audit   duplexify: [ '4.1.3' ],
61 silly audit   'ecdsa-sig-formatter': [ '1.0.11' ],
61 silly audit   'ee-first': [ '1.1.1' ],
61 silly audit   encodeurl: [ '2.0.0', '1.0.2' ],
61 silly audit   encoding: [ '0.1.13' ],
61 silly audit   'iconv-lite': [ '0.6.3', '0.4.24' ],
61 silly audit   'end-of-stream': [ '1.4.5' ],
61 silly audit   'env-paths': [ '2.2.1' ],
61 silly audit   'err-code': [ '2.0.3' ],
61 silly audit   'es-define-property': [ '1.0.1' ],
61 silly audit   'es-errors': [ '1.3.0' ],
61 silly audit   'es-object-atoms': [ '1.1.1' ],
61 silly audit   'es-set-tostringtag': [ '2.1.0' ],
61 silly audit   escalade: [ '3.2.0' ],
61 silly audit   'escape-html': [ '1.0.3' ],
61 silly audit   etag: [ '1.8.1' ],
61 silly audit   'event-target-shim': [ '5.0.1' ],
61 silly audit   'expand-template': [ '2.0.3' ],
61 silly audit   express: [ '4.21.2' ],
61 silly audit   extend: [ '3.0.2' ],
61 silly audit   'farmhash-modern': [ '1.1.0' ],
61 silly audit   'fast-deep-equal': [ '3.1.3' ],
61 silly audit   'fast-xml-parser': [ '4.5.3' ],
61 silly audit   'faye-websocket': [ '0.11.4' ],
61 silly audit   'file-uri-to-path': [ '1.0.0' ],
61 silly audit   'fill-range': [ '7.1.1' ],
61 silly audit   finalhandler: [ '1.3.1' ],
61 silly audit   'firebase-admin': [ '13.6.0' ],
61 silly audit   'undici-types': [ '6.21.0', '7.16.0' ],
61 silly audit   forwarded: [ '0.2.0' ],
61 silly audit   fresh: [ '0.5.2' ],
61 silly audit   'fs-constants': [ '1.0.0' ],
61 silly audit   'fs-minipass': [ '2.1.0' ],
61 silly audit   'fs.realpath': [ '1.0.0' ],
61 silly audit   fsevents: [ '2.3.3' ],
61 silly audit   'function-bind': [ '1.1.2' ],
61 silly audit   'functional-red-black-tree': [ '1.0.1' ],
61 silly audit   gauge: [ '4.0.4' ],
61 silly audit   'signal-exit': [ '3.0.7' ],
61 silly audit   'gcp-metadata': [ '5.3.0', '6.1.1' ],
61 silly audit   'get-caller-file': [ '2.0.5' ],
61 silly audit   'get-intrinsic': [ '1.3.0' ],
61 silly audit   'get-proto': [ '1.0.1' ],
61 silly audit   'github-from-package': [ '0.0.0' ],
61 silly audit   'google-auth-library': [ '9.15.1' ],
61 silly audit   'google-gax': [ '4.6.1' ],
61 silly audit   'google-logging-utils': [ '0.0.2' ],
61 silly audit   gopd: [ '1.2.0' ],
61 silly audit   'graceful-fs': [ '4.2.11' ],
61 silly audit   gtoken: [ '7.1.0' ],
61 silly audit   'has-flag': [ '3.0.0' ],
61 silly audit   'has-symbols': [ '1.1.0' ],
61 silly audit   'has-tostringtag': [ '1.0.2' ],
61 silly audit   'has-unicode': [ '2.0.1' ],
61 silly audit   hasown: [ '2.0.2' ],
61 silly audit   'html-entities': [ '2.6.0' ],
61 silly audit   'http-cache-semantics': [ '4.2.0' ],
61 silly audit   'http-errors': [ '2.0.0' ],
61 silly audit   'http-parser-js': [ '0.5.10' ],
61 silly audit   'http-proxy-agent': [ '4.0.1', '5.0.0' ],
61 silly audit   'humanize-ms': [ '1.2.1' ],
61 silly audit   ieee754: [ '1.2.1' ],
61 silly audit   'ignore-by-default': [ '1.0.1' ],
61 silly audit   imurmurhash: [ '0.1.4' ],
61 silly audit   'indent-string': [ '4.0.0' ],
61 silly audit   'infer-owner': [ '1.0.4' ],
61 silly audit   inflight: [ '1.0.6' ],
61 silly audit   inherits: [ '2.0.4' ],
61 silly audit   ini: [ '1.3.8' ],
61 silly audit   'ip-address': [ '10.1.0' ],
61 silly audit   'ipaddr.js': [ '1.9.1' ],
61 silly audit   'is-binary-path': [ '2.1.0' ],
61 silly audit   'is-extglob': [ '2.1.1' ],
61 silly audit   'is-fullwidth-code-point': [ '3.0.0' ],
61 silly audit   'is-glob': [ '4.0.3' ],
61 silly audit   'is-lambda': [ '1.0.1' ],
61 silly audit   'is-number': [ '7.0.0' ],
61 silly audit   'is-stream': [ '2.0.1' ],
61 silly audit   isexe: [ '2.0.0' ],
61 silly audit   jose: [ '4.15.9' ],
61 silly audit   'json-bigint': [ '1.0.0' ],
61 silly audit   jsonwebtoken: [ '9.0.2' ],
61 silly audit   jwa: [ '1.4.2', '2.0.1' ],
61 silly audit   jws: [ '3.2.2', '4.0.0' ],
61 silly audit   'jwks-rsa': [ '3.2.0' ],
61 silly audit   kareem: [ '2.6.3' ],
61 silly audit   limiter: [ '1.1.5' ],
61 silly audit   'lodash.camelcase': [ '4.3.0' ],
61 silly audit   'lodash.clonedeep': [ '4.5.0' ],
61 silly audit   'lodash.includes': [ '4.3.0' ],
61 silly audit   'lodash.isboolean': [ '3.0.3' ],
61 silly audit   'lodash.isinteger': [ '4.0.4' ],
61 silly audit   'lodash.isnumber': [ '3.0.3' ],
61 silly audit   'lodash.isplainobject': [ '4.0.6' ],
61 silly audit   'lodash.isstring': [ '4.0.1' ],
61 silly audit   'lodash.once': [ '4.1.1' ],
61 silly audit   long: [ '5.3.2' ],
61 silly audit   'lru-memoizer': [ '2.3.0' ],
61 silly audit   'make-fetch-happen': [ '9.1.0' ],
61 silly audit   'math-intrinsics': [ '1.1.0' ],
61 silly audit   'media-typer': [ '0.3.0' ],
61 silly audit   'memory-pager': [ '1.5.0' ],
61 silly audit   'merge-descriptors': [ '1.0.3' ],
61 silly audit   methods: [ '1.1.2' ],
61 silly audit   mime: [ '3.0.0', '1.6.0' ],
61 silly audit   'mime-db': [ '1.52.0' ],
61 silly audit   'mime-types': [ '2.1.35' ],
61 silly audit   'mimic-response': [ '3.1.0' ],
61 silly audit   minimist: [ '1.2.8' ],
61 silly audit   'minipass-collect': [ '1.0.2' ],
61 silly audit   'minipass-fetch': [ '1.4.1' ],
61 silly audit   'minipass-flush': [ '1.0.5' ],
61 silly audit   'minipass-pipeline': [ '1.2.4' ],
61 silly audit   'minipass-sized': [ '1.0.3' ],
61 silly audit   minizlib: [ '2.1.2' ],
61 silly audit   mkdirp: [ '1.0.4' ],
61 silly audit   'mkdirp-classic': [ '0.5.3' ],
61 silly audit   mongodb: [ '6.20.0' ],
61 silly audit   'mongodb-connection-string-url': [ '3.0.2' ],
61 silly audit   punycode: [ '2.3.1' ],
61 silly audit   tr46: [ '5.1.1', '0.0.3' ],
61 silly audit   'webidl-conversions': [ '7.0.0', '3.0.1' ],
61 silly audit   'whatwg-url': [ '14.2.0', '5.0.0' ],
61 silly audit   mongoose: [ '8.19.3' ],
61 silly audit   mpath: [ '0.9.0' ],
61 silly audit   mquery: [ '5.0.0' ],
61 silly audit   'napi-build-utils': [ '2.0.0' ],
61 silly audit   negotiator: [ '0.6.3' ],
61 silly audit   'node-abi': [ '3.80.0' ],
61 silly audit   'node-addon-api': [ '7.1.1' ],
61 silly audit   'node-fetch': [ '2.7.0' ],
61 silly audit   'node-forge': [ '1.3.1' ],
61 silly audit   'node-gyp': [ '8.4.1' ],
61 silly audit   nodemon: [ '3.1.10' ],
61 silly audit   nopt: [ '5.0.0' ],
61 silly audit   'normalize-path': [ '3.0.0' ],
61 silly audit   npmlog: [ '6.0.2' ],
61 silly audit   'object-assign': [ '4.1.1' ],
61 silly audit   'object-hash': [ '3.0.0' ],
61 silly audit   'object-inspect': [ '1.13.4' ],
61 silly audit   'on-finished': [ '2.4.1' ],
61 silly audit   once: [ '1.4.0' ],
61 silly audit   'p-limit': [ '3.1.0' ],
61 silly audit   'p-map': [ '4.0.0' ],
61 silly audit   parseurl: [ '1.3.3' ],
61 silly audit   'path-is-absolute': [ '1.0.1' ],
61 silly audit   'path-to-regexp': [ '0.1.12' ],
61 silly audit   picomatch: [ '2.3.1' ],
61 silly audit   'prebuild-install': [ '7.1.3' ],
61 silly audit   'promise-inflight': [ '1.0.1' ],
61 silly audit   'promise-retry': [ '2.0.1' ],
61 silly audit   'proto3-json-serializer': [ '2.0.2' ],
61 silly audit   protobufjs: [ '7.5.4' ],
61 silly audit   'proxy-addr': [ '2.0.7' ],
61 silly audit   'pstree.remy': [ '1.1.8' ],
61 silly audit   pump: [ '3.0.3' ],
61 silly audit   qs: [ '6.13.0' ],
61 silly audit   'range-parser': [ '1.2.1' ],
61 silly audit   'raw-body': [ '2.5.2' ],
61 silly audit   rc: [ '1.2.8' ],
61 silly audit   'readable-stream': [ '3.6.2' ],
61 silly audit   readdirp: [ '3.6.0' ],
61 silly audit   'require-directory': [ '2.1.1' ],
61 silly audit   'retry-request': [ '7.0.2' ],
61 silly audit   rimraf: [ '3.0.2' ],
61 silly audit   'safe-buffer': [ '5.2.1' ],
61 silly audit   'safer-buffer': [ '2.1.2' ],
61 silly audit   send: [ '0.19.0' ],
61 silly audit   'serve-static': [ '1.16.2' ],
61 silly audit   'set-blocking': [ '2.0.0' ],
61 silly audit   setprototypeof: [ '1.2.0' ],
61 silly audit   'side-channel': [ '1.1.0' ],
61 silly audit   'side-channel-list': [ '1.0.0' ],
61 silly audit   'side-channel-map': [ '1.0.1' ],
61 silly audit   'side-channel-weakmap': [ '1.0.2' ],
61 silly audit   sift: [ '17.1.3' ],
61 silly audit   'simple-concat': [ '1.0.1' ],
61 silly audit   'simple-get': [ '4.0.1' ],
61 silly audit   'simple-update-notifier': [ '2.0.0' ],
61 silly audit   'smart-buffer': [ '4.2.0' ],
61 silly audit   socks: [ '2.8.7' ],
61 silly audit   'socks-proxy-agent': [ '6.2.1' ],
61 silly audit   'sparse-bitfield': [ '3.0.3' ],
61 silly audit   sqlite3: [ '5.1.7' ],
61 silly audit   ssri: [ '8.0.1' ],
61 silly audit   statuses: [ '2.0.1' ],
61 silly audit   'stream-events': [ '1.0.5' ],
61 silly audit   'stream-shift': [ '1.0.3' ],
61 silly audit   string_decoder: [ '1.3.0' ],
61 silly audit   'strip-json-comments': [ '2.0.1' ],
61 silly audit   strnum: [ '1.1.2' ],
61 silly audit   stubs: [ '3.0.0' ],
61 silly audit   tar: [ '6.2.1' ],
61 silly audit   'tar-fs': [ '2.1.4' ],
61 silly audit   'tar-stream': [ '2.2.0' ],
61 silly audit   'teeny-request': [ '9.0.0' ],
61 silly audit   'to-regex-range': [ '5.0.1' ],
61 silly audit   toidentifier: [ '1.0.1' ],
61 silly audit   touch: [ '3.1.1' ],
61 silly audit   tslib: [ '2.8.1' ],
61 silly audit   'tunnel-agent': [ '0.6.0' ],
61 silly audit   'type-is': [ '1.6.18' ],
61 silly audit   undefsafe: [ '2.0.5' ],
61 silly audit   'unique-filename': [ '1.1.1' ],
61 silly audit   'unique-slug': [ '2.0.2' ],
61 silly audit   unpipe: [ '1.0.0' ],
61 silly audit   'util-deprecate': [ '1.0.2' ],
61 silly audit   'utils-merge': [ '1.0.1' ],
61 silly audit   vary: [ '1.1.2' ],
61 silly audit   'websocket-driver': [ '0.7.4' ],
61 silly audit   'websocket-extensions': [ '0.1.4' ],
61 silly audit   which: [ '2.0.2' ],
61 silly audit   'wide-align': [ '1.1.5' ],
61 silly audit   wrappy: [ '1.0.2' ],
61 silly audit   y18n: [ '5.0.8' ],
61 silly audit   yargs: [ '17.7.2' ],
61 silly audit   'yargs-parser': [ '21.1.1' ],
61 silly audit   'yocto-queue': [ '0.1.0' ],
61 silly audit   's4tech-crm-server': [ '1.0.0' ],
61 silly audit   dotenv: [ '16.6.1' ]
61 silly audit }
62 verbose reify failed optional dependency /mnt/c/Users/HP/Downloads/s4tech-crm/node_modules/fsevents
63 silly reify mark deleted [ '/mnt/c/Users/HP/Downloads/s4tech-crm/node_modules/fsevents' ]
64 timing reifyNode:node_modules/fsevents Completed in 3ms
65 timing reify:unpack Completed in 3ms
66 timing reify:unretire Completed in 0ms
67 timing build:queue Completed in 5ms
68 timing build:deps Completed in 6ms
69 timing build:queue Completed in 2ms
70 timing build:links Completed in 2ms
71 timing build Completed in 8ms
72 timing reify:build Completed in 9ms
73 timing reify:trash Completed in 5ms
74 timing reify:save Completed in 152ms
75 http fetch POST 200 https://registry.npmjs.org/-/npm/v1/security/advisories/bulk 1706ms
76 timing auditReport:getReport Completed in 1712ms
77 silly audit report {}
78 timing auditReport:init Completed in 0ms
79 timing reify:audit Completed in 1715ms
80 timing reify Completed in 6964ms
81 silly ADD
82 timing command:install Completed in 7032ms
83 verbose exit 0
84 timing npm Completed in 7189ms
85 info ok
