0 verbose cli /usr/bin/node /usr/bin/npm
1 info using npm@9.2.0
2 info using node@v18.19.1
3 timing npm:load:whichnode Completed in 0ms
4 timing config:load:defaults Completed in 3ms
5 timing config:load:file:/usr/share/nodejs/npm/npmrc Completed in 8ms
6 timing config:load:builtin Completed in 9ms
7 timing config:load:cli Completed in 2ms
8 timing config:load:env Completed in 1ms
9 info found workspace root at /mnt/c/Users/HP/Downloads/s4tech-crm
10 timing config:load:file:/mnt/c/Users/HP/Downloads/s4tech-crm/.npmrc Completed in 1ms
11 timing config:load:project Completed in 37ms
12 timing config:load:file:/home/srijan/.npmrc Completed in 0ms
13 timing config:load:user Completed in 1ms
14 timing config:load:file:/etc/npmrc Completed in 0ms
15 timing config:load:global Completed in 0ms
16 timing config:load:setEnvs Completed in 1ms
17 timing config:load Completed in 55ms
18 timing npm:load:configload Completed in 55ms
19 timing npm:load:mkdirpcache Completed in 1ms
20 timing npm:load:mkdirplogs Completed in 0ms
21 verbose title npm run dev
22 verbose argv "run" "dev"
23 timing npm:load:setTitle Completed in 3ms
24 timing config:load:flatten Completed in 6ms
25 timing npm:load:display Completed in 7ms
26 verbose logfile logs-max:10 dir:/home/srijan/.npm/_logs/2025-11-11T14_20_31_796Z-
27 verbose logfile /home/srijan/.npm/_logs/2025-11-11T14_20_31_796Z-debug-0.log
28 timing npm:load:logFile Completed in 10ms
29 timing npm:load:timers Completed in 0ms
30 timing npm:load:configScope Completed in 0ms
31 timing npm:load Completed in 77ms
32 silly logfile start cleaning logs, removing 1 files
33 timing config:load:flatten Completed in 0ms
34 silly logfile done cleaning log files
