0 verbose cli /usr/bin/node /usr/bin/npm
1 info using npm@9.2.0
2 info using node@v18.19.1
3 timing npm:load:whichnode Completed in 1ms
4 timing config:load:defaults Completed in 6ms
5 timing config:load:file:/usr/share/nodejs/npm/npmrc Completed in 9ms
6 timing config:load:builtin Completed in 9ms
7 timing config:load:cli Completed in 4ms
8 timing config:load:env Completed in 2ms
9 timing config:load:file:/home/srijan/myapp/frontend/.npmrc Completed in 0ms
10 timing config:load:project Completed in 7ms
11 timing config:load:file:/home/srijan/.npmrc Completed in 0ms
12 timing config:load:user Completed in 1ms
13 timing config:load:file:/etc/npmrc Completed in 0ms
14 timing config:load:global Completed in 0ms
15 timing config:load:setEnvs Completed in 3ms
16 timing config:load Completed in 33ms
17 timing npm:load:configload Completed in 33ms
18 timing npm:load:mkdirpcache Completed in 3ms
19 timing npm:load:mkdirplogs Completed in 2ms
20 verbose title npm install
21 verbose argv "install"
22 timing npm:load:setTitle Completed in 1ms
23 timing config:load:flatten Completed in 3ms
24 timing npm:load:display Completed in 5ms
25 verbose logfile logs-max:10 dir:/home/srijan/.npm/_logs/2025-11-13T15_11_26_291Z-
26 verbose logfile /home/srijan/.npm/_logs/2025-11-13T15_11_26_291Z-debug-0.log
27 timing npm:load:logFile Completed in 11ms
28 timing npm:load:timers Completed in 0ms
29 timing npm:load:configScope Completed in 0ms
30 timing npm:load Completed in 57ms
31 silly logfile start cleaning logs, removing 1 files
32 timing config:load:flatten Completed in 1ms
33 timing arborist:ctor Completed in 1ms
34 silly logfile done cleaning log files
35 timing arborist:ctor Completed in 0ms
36 timing idealTree:init Completed in 15ms
37 timing idealTree:userRequests Completed in 0ms
38 silly idealTree buildDeps
39 silly fetch manifest react@^18.2.0
40 http fetch GET 200 https://registry.npmjs.org/react 531ms (cache updated)
41 silly fetch manifest react-dom@^18.2.0
42 http fetch GET 200 https://registry.npmjs.org/react-dom 332ms (cache updated)
43 silly fetch manifest vite@^5.0.0
44 http fetch GET 200 https://registry.npmjs.org/vite 260ms (cache revalidated)
45 silly fetch manifest @types/node@^18.0.0 || >=20.0.0
46 http fetch GET 200 https://registry.npmjs.org/@types%2fnode 287ms (cache updated)
47 silly fetch manifest less@*
48 http fetch GET 200 https://registry.npmjs.org/less 258ms (cache revalidated)
49 silly fetch manifest lightningcss@^1.21.0
50 http fetch GET 200 https://registry.npmjs.org/lightningcss 438ms (cache revalidated)
51 silly fetch manifest sass@*
52 http fetch GET 200 https://registry.npmjs.org/sass 111ms (cache revalidated)
53 silly fetch manifest sass-embedded@*
54 http fetch GET 200 https://registry.npmjs.org/sass-embedded 118ms (cache revalidated)
55 silly fetch manifest stylus@*
56 http fetch GET 200 https://registry.npmjs.org/stylus 138ms (cache revalidated)
57 silly fetch manifest sugarss@*
58 http fetch GET 200 https://registry.npmjs.org/sugarss 151ms (cache revalidated)
59 silly fetch manifest postcss@^8.3.3
60 http fetch GET 200 https://registry.npmjs.org/postcss 68ms (cache revalidated)
61 silly fetch manifest terser@^5.4.0
62 http fetch GET 200 https://registry.npmjs.org/terser 86ms (cache revalidated)
63 silly fetch manifest @vitejs/plugin-react@^4.0.0
64 http fetch GET 200 https://registry.npmjs.org/@vitejs%2fplugin-react 1256ms (cache updated)
65 silly fetch manifest typescript@^5.0.0
66 http fetch GET 200 https://registry.npmjs.org/typescript 709ms (cache miss)
67 silly placeDep ROOT @vitejs/plugin-react@4.7.0 OK for:  want: ^4.0.0
68 silly placeDep ROOT vite@5.4.21 OK for: @vitejs/plugin-react@4.7.0 want: ^4.2.0 || ^5.0.0 || ^6.0.0 || ^7.0.0
69 silly placeDep ROOT react@18.3.1 OK for:  want: ^18.2.0
70 silly placeDep ROOT react-dom@18.3.1 OK for:  want: ^18.2.0
71 silly placeDep ROOT typescript@5.9.3 OK for:  want: ^5.0.0
72 silly fetch manifest @babel/core@^7.28.0
73 silly fetch manifest react-refresh@^0.17.0
74 silly fetch manifest @types/babel__core@^7.20.5
75 silly fetch manifest @rolldown/pluginutils@1.0.0-beta.27
76 silly fetch manifest @babel/plugin-transform-react-jsx-self@^7.27.1
77 silly fetch manifest @babel/plugin-transform-react-jsx-source@^7.27.1
78 silly fetch manifest rollup@^4.20.0
79 silly fetch manifest esbuild@^0.21.3
80 silly fetch manifest postcss@^8.4.43
81 silly fetch manifest fsevents@~2.3.3
82 silly fetch manifest loose-envify@^1.1.0
83 silly fetch manifest scheduler@^0.23.2
84 http fetch GET 200 https://registry.npmjs.org/@types%2fbabel__core 157ms (cache revalidated)
85 http fetch GET 200 https://registry.npmjs.org/@babel%2fcore 177ms (cache revalidated)
86 http fetch GET 200 https://registry.npmjs.org/rollup 208ms (cache revalidated)
87 http fetch GET 200 https://registry.npmjs.org/fsevents 241ms (cache revalidated)
88 http fetch GET 200 https://registry.npmjs.org/esbuild 257ms (cache revalidated)
89 http fetch GET 200 https://registry.npmjs.org/@babel%2fplugin-transform-react-jsx-self 316ms (cache revalidated)
90 http fetch GET 200 https://registry.npmjs.org/react-refresh 352ms (cache updated)
91 http fetch GET 200 https://registry.npmjs.org/loose-envify 384ms (cache revalidated)
92 http fetch GET 200 https://registry.npmjs.org/scheduler 388ms (cache updated)
93 http fetch GET 200 https://registry.npmjs.org/@babel%2fplugin-transform-react-jsx-source 547ms (cache revalidated)
94 http fetch GET 200 https://registry.npmjs.org/@rolldown%2fpluginutils 558ms (cache updated)
95 timing idealTree:#root Completed in 5733ms
96 silly placeDep ROOT @babel/core@7.28.5 OK for: @vitejs/plugin-react@4.7.0 want: ^7.28.0
97 silly placeDep ROOT @babel/plugin-transform-react-jsx-self@7.27.1 OK for: @vitejs/plugin-react@4.7.0 want: ^7.27.1
98 silly placeDep ROOT @babel/plugin-transform-react-jsx-source@7.27.1 OK for: @vitejs/plugin-react@4.7.0 want: ^7.27.1
99 silly placeDep ROOT @rolldown/pluginutils@1.0.0-beta.27 OK for: @vitejs/plugin-react@4.7.0 want: 1.0.0-beta.27
100 silly placeDep ROOT @types/babel__core@7.20.5 OK for: @vitejs/plugin-react@4.7.0 want: ^7.20.5
101 silly placeDep ROOT react-refresh@0.17.0 OK for: @vitejs/plugin-react@4.7.0 want: ^0.17.0
102 silly fetch manifest @babel/code-frame@^7.27.1
103 silly fetch manifest @babel/generator@^7.28.5
104 silly fetch manifest @babel/helper-compilation-targets@^7.27.2
105 silly fetch manifest @babel/helper-module-transforms@^7.28.3
106 silly fetch manifest @babel/helpers@^7.28.4
107 silly fetch manifest @babel/parser@^7.28.5
108 silly fetch manifest @babel/template@^7.27.2
109 silly fetch manifest @babel/traverse@^7.28.5
110 silly fetch manifest @babel/types@^7.28.5
111 silly fetch manifest @jridgewell/remapping@^2.3.5
112 silly fetch manifest convert-source-map@^2.0.0
113 silly fetch manifest debug@^4.1.0
114 silly fetch manifest gensync@^1.0.0-beta.2
115 silly fetch manifest json5@^2.2.3
116 silly fetch manifest semver@^6.3.1
117 silly fetch manifest @babel/helper-plugin-utils@^7.27.1
118 silly fetch manifest @babel/types@^7.20.7
119 silly fetch manifest @babel/parser@^7.20.7
120 silly fetch manifest @types/babel__template@*
121 silly fetch manifest @types/babel__traverse@*
122 silly fetch manifest @types/babel__generator@*
123 http fetch GET 200 https://registry.npmjs.org/@babel%2fhelper-module-transforms 169ms (cache revalidated)
124 http fetch GET 200 https://registry.npmjs.org/json5 160ms (cache revalidated)
125 http fetch GET 200 https://registry.npmjs.org/gensync 162ms (cache revalidated)
126 http fetch GET 200 https://registry.npmjs.org/@babel%2fhelper-compilation-targets 172ms (cache revalidated)
127 http fetch GET 200 https://registry.npmjs.org/@babel%2fhelper-plugin-utils 161ms (cache revalidated)
128 http fetch GET 200 https://registry.npmjs.org/@types%2fbabel__template 195ms (cache revalidated)
129 http fetch GET 200 https://registry.npmjs.org/@babel%2ftypes 200ms (cache revalidated)
130 http fetch GET 200 https://registry.npmjs.org/@babel%2ftypes 213ms (cache revalidated)
131 http fetch GET 200 https://registry.npmjs.org/@babel%2fhelpers 216ms (cache revalidated)
132 http fetch GET 200 https://registry.npmjs.org/@types%2fbabel__traverse 203ms (cache revalidated)
133 http fetch GET 200 https://registry.npmjs.org/convert-source-map 234ms (cache revalidated)
134 http fetch GET 200 https://registry.npmjs.org/semver 273ms (cache revalidated)
135 http fetch GET 200 https://registry.npmjs.org/@babel%2ftraverse 285ms (cache revalidated)
136 http fetch GET 200 https://registry.npmjs.org/@types%2fbabel__generator 274ms (cache revalidated)
137 http fetch GET 200 https://registry.npmjs.org/@babel%2ftemplate 333ms (cache revalidated)
138 http fetch GET 200 https://registry.npmjs.org/@babel%2fgenerator 383ms (cache revalidated)
139 http fetch GET 200 https://registry.npmjs.org/@babel%2fcode-frame 391ms (cache revalidated)
140 http fetch GET 200 https://registry.npmjs.org/@babel%2fparser 395ms (cache revalidated)
141 http fetch GET 200 https://registry.npmjs.org/@babel%2fparser 390ms (cache revalidated)
142 http fetch GET 200 https://registry.npmjs.org/debug 401ms (cache revalidated)
143 http fetch GET 200 https://registry.npmjs.org/@jridgewell%2fremapping 437ms (cache revalidated)
144 timing idealTree:node_modules/@vitejs/plugin-react Completed in 459ms
145 silly fetch manifest @babel/core@^7.0.0
146 silly placeDep ROOT @babel/code-frame@7.27.1 OK for: @babel/core@7.28.5 want: ^7.27.1
147 silly placeDep ROOT @babel/generator@7.28.5 OK for: @babel/core@7.28.5 want: ^7.28.5
148 silly placeDep ROOT @babel/helper-compilation-targets@7.27.2 OK for: @babel/core@7.28.5 want: ^7.27.2
149 silly placeDep ROOT @babel/helper-module-transforms@7.28.3 OK for: @babel/core@7.28.5 want: ^7.28.3
150 silly placeDep ROOT @babel/helpers@7.28.4 OK for: @babel/core@7.28.5 want: ^7.28.4
151 silly placeDep ROOT @babel/parser@7.28.5 OK for: @babel/core@7.28.5 want: ^7.28.5
152 silly placeDep ROOT @babel/template@7.27.2 OK for: @babel/core@7.28.5 want: ^7.27.2
153 silly placeDep ROOT @babel/traverse@7.28.5 OK for: @babel/core@7.28.5 want: ^7.28.5
154 silly placeDep ROOT @babel/types@7.28.5 OK for: @babel/core@7.28.5 want: ^7.28.5
155 silly placeDep ROOT @jridgewell/remapping@2.3.5 OK for: @babel/core@7.28.5 want: ^2.3.5
156 silly placeDep ROOT convert-source-map@2.0.0 OK for: @babel/core@7.28.5 want: ^2.0.0
157 silly placeDep ROOT debug@4.4.3 OK for: @babel/core@7.28.5 want: ^4.1.0
158 silly placeDep ROOT gensync@1.0.0-beta.2 OK for: @babel/core@7.28.5 want: ^1.0.0-beta.2
159 silly placeDep ROOT json5@2.2.3 OK for: @babel/core@7.28.5 want: ^2.2.3
160 silly placeDep ROOT semver@6.3.1 OK for: @babel/core@7.28.5 want: ^6.3.1
161 silly fetch manifest js-tokens@^4.0.0
162 silly fetch manifest picocolors@^1.1.1
163 silly fetch manifest @babel/helper-validator-identifier@^7.27.1
164 silly fetch manifest @jridgewell/gen-mapping@^0.3.12
165 silly fetch manifest @jridgewell/trace-mapping@^0.3.28
166 silly fetch manifest jsesc@^3.0.2
167 silly fetch manifest lru-cache@^5.1.1
168 silly fetch manifest browserslist@^4.24.0
169 silly fetch manifest @babel/compat-data@^7.27.2
170 silly fetch manifest @babel/helper-validator-option@^7.27.1
171 silly fetch manifest @babel/helper-module-imports@^7.27.1
172 silly fetch manifest @babel/helper-globals@^7.28.0
173 silly fetch manifest @babel/helper-string-parser@^7.27.1
174 silly fetch manifest @babel/helper-validator-identifier@^7.28.5
175 silly fetch manifest @jridgewell/gen-mapping@^0.3.5
176 silly fetch manifest @jridgewell/trace-mapping@^0.3.24
177 silly fetch manifest ms@^2.1.3
178 http fetch GET 200 https://registry.npmjs.org/@babel%2fhelper-validator-identifier 87ms (cache revalidated)
179 http fetch GET 200 https://registry.npmjs.org/@babel%2fhelper-validator-identifier 112ms (cache revalidated)
180 http fetch GET 200 https://registry.npmjs.org/lru-cache 113ms (cache revalidated)
181 http fetch GET 200 https://registry.npmjs.org/jsesc 122ms (cache revalidated)
182 http fetch GET 200 https://registry.npmjs.org/picocolors 147ms (cache revalidated)
183 http fetch GET 200 https://registry.npmjs.org/@babel%2fhelper-module-imports 144ms (cache revalidated)
184 http fetch GET 200 https://registry.npmjs.org/@babel%2fhelper-globals 146ms (cache revalidated)
185 http fetch GET 200 https://registry.npmjs.org/js-tokens 155ms (cache revalidated)
186 http fetch GET 200 https://registry.npmjs.org/ms 148ms (cache revalidated)
187 http fetch GET 200 https://registry.npmjs.org/@babel%2fcompat-data 163ms (cache revalidated)
188 http fetch GET 200 https://registry.npmjs.org/@babel%2fhelper-string-parser 164ms (cache revalidated)
189 http fetch GET 200 https://registry.npmjs.org/browserslist 186ms (cache revalidated)
190 http fetch GET 200 https://registry.npmjs.org/@babel%2fhelper-validator-option 211ms (cache revalidated)
191 http fetch GET 200 https://registry.npmjs.org/@jridgewell%2ftrace-mapping 343ms (cache revalidated)
192 http fetch GET 200 https://registry.npmjs.org/@jridgewell%2ftrace-mapping 369ms (cache revalidated)
193 http fetch GET 200 https://registry.npmjs.org/@jridgewell%2fgen-mapping 371ms (cache revalidated)
194 http fetch GET 200 https://registry.npmjs.org/@jridgewell%2fgen-mapping 432ms (cache revalidated)
195 timing idealTree:node_modules/@babel/core Completed in 481ms
196 silly placeDep ROOT @babel/helper-validator-identifier@7.28.5 OK for: @babel/code-frame@7.27.1 want: ^7.27.1
197 silly placeDep ROOT js-tokens@4.0.0 OK for: @babel/code-frame@7.27.1 want: ^4.0.0
198 silly placeDep ROOT picocolors@1.1.1 OK for: @babel/code-frame@7.27.1 want: ^1.1.1
199 timing idealTree:node_modules/@babel/code-frame Completed in 14ms
200 silly placeDep ROOT @jridgewell/gen-mapping@0.3.13 OK for: @babel/generator@7.28.5 want: ^0.3.12
201 silly placeDep ROOT @jridgewell/trace-mapping@0.3.31 OK for: @babel/generator@7.28.5 want: ^0.3.28
202 silly placeDep ROOT jsesc@3.1.0 OK for: @babel/generator@7.28.5 want: ^3.0.2
203 silly fetch manifest @jridgewell/sourcemap-codec@^1.5.0
204 silly fetch manifest @jridgewell/resolve-uri@^3.1.0
205 silly fetch manifest @jridgewell/sourcemap-codec@^1.4.14
206 http fetch GET 200 https://registry.npmjs.org/@jridgewell%2fsourcemap-codec 332ms (cache revalidated)
207 http fetch GET 200 https://registry.npmjs.org/@jridgewell%2fresolve-uri 337ms (cache revalidated)
208 http fetch GET 200 https://registry.npmjs.org/@jridgewell%2fsourcemap-codec 4313ms (cache revalidated)
209 timing idealTree:node_modules/@babel/generator Completed in 4322ms
210 silly placeDep ROOT @babel/compat-data@7.28.5 OK for: @babel/helper-compilation-targets@7.27.2 want: ^7.27.2
211 silly placeDep ROOT @babel/helper-validator-option@7.27.1 OK for: @babel/helper-compilation-targets@7.27.2 want: ^7.27.1
212 silly placeDep ROOT browserslist@4.28.0 OK for: @babel/helper-compilation-targets@7.27.2 want: ^4.24.0
213 silly placeDep ROOT lru-cache@5.1.1 OK for: @babel/helper-compilation-targets@7.27.2 want: ^5.1.1
214 silly fetch manifest baseline-browser-mapping@^2.8.25
215 silly fetch manifest caniuse-lite@^1.0.30001754
216 silly fetch manifest electron-to-chromium@^1.5.249
217 silly fetch manifest node-releases@^2.0.27
218 silly fetch manifest update-browserslist-db@^1.1.4
219 silly fetch manifest yallist@^3.0.2
220 http fetch GET 200 https://registry.npmjs.org/yallist 99ms (cache revalidated)
221 http fetch GET 200 https://registry.npmjs.org/update-browserslist-db 101ms (cache revalidated)
222 http fetch GET 200 https://registry.npmjs.org/node-releases 105ms (cache revalidated)
223 http fetch GET 200 https://registry.npmjs.org/baseline-browser-mapping 124ms (cache updated)
224 http fetch GET 200 https://registry.npmjs.org/caniuse-lite 204ms (cache revalidated)
225 http fetch GET 200 https://registry.npmjs.org/electron-to-chromium 225ms (cache revalidated)
226 timing idealTree:node_modules/@babel/helper-compilation-targets Completed in 268ms
227 timing idealTree:node_modules/@babel/compat-data Completed in 0ms
228 silly placeDep ROOT @babel/helper-module-imports@7.27.1 OK for: @babel/helper-module-transforms@7.28.3 want: ^7.27.1
229 timing idealTree:node_modules/@babel/helper-module-transforms Completed in 3ms
230 timing idealTree:node_modules/@babel/helper-module-imports Completed in 0ms
231 timing idealTree:node_modules/@babel/helper-validator-identifier Completed in 0ms
232 timing idealTree:node_modules/@babel/helper-validator-option Completed in 0ms
233 timing idealTree:node_modules/@babel/helpers Completed in 0ms
234 timing idealTree:node_modules/@babel/parser Completed in 0ms
235 silly placeDep ROOT @babel/helper-plugin-utils@7.27.1 OK for: @babel/plugin-transform-react-jsx-self@7.27.1 want: ^7.27.1
236 timing idealTree:node_modules/@babel/plugin-transform-react-jsx-self Completed in 2ms
237 timing idealTree:node_modules/@babel/helper-plugin-utils Completed in 0ms
238 timing idealTree:node_modules/@babel/plugin-transform-react-jsx-source Completed in 0ms
239 timing idealTree:node_modules/@babel/template Completed in 0ms
240 silly placeDep ROOT @babel/helper-globals@7.28.0 OK for: @babel/traverse@7.28.5 want: ^7.28.0
241 timing idealTree:node_modules/@babel/traverse Completed in 2ms
242 timing idealTree:node_modules/@babel/helper-globals Completed in 0ms
243 silly placeDep ROOT @babel/helper-string-parser@7.27.1 OK for: @babel/types@7.28.5 want: ^7.27.1
244 timing idealTree:node_modules/@babel/types Completed in 2ms
245 timing idealTree:node_modules/@babel/helper-string-parser Completed in 0ms
246 silly placeDep ROOT @jridgewell/sourcemap-codec@1.5.5 OK for: @jridgewell/gen-mapping@0.3.13 want: ^1.5.0
247 timing idealTree:node_modules/@jridgewell/gen-mapping Completed in 3ms
248 timing idealTree:node_modules/@jridgewell/remapping Completed in 0ms
249 timing idealTree:node_modules/@jridgewell/sourcemap-codec Completed in 0ms
250 silly placeDep ROOT @jridgewell/resolve-uri@3.1.2 OK for: @jridgewell/trace-mapping@0.3.31 want: ^3.1.0
251 timing idealTree:node_modules/@jridgewell/trace-mapping Completed in 4ms
252 timing idealTree:node_modules/@jridgewell/resolve-uri Completed in 0ms
253 timing idealTree:node_modules/@rolldown/pluginutils Completed in 0ms
254 silly placeDep ROOT @types/babel__generator@7.27.0 OK for: @types/babel__core@7.20.5 want: *
255 silly placeDep ROOT @types/babel__template@7.4.4 OK for: @types/babel__core@7.20.5 want: *
256 silly placeDep ROOT @types/babel__traverse@7.28.0 OK for: @types/babel__core@7.20.5 want: *
257 timing idealTree:node_modules/@types/babel__core Completed in 7ms
258 timing idealTree:node_modules/@types/babel__generator Completed in 1ms
259 timing idealTree:node_modules/@types/babel__template Completed in 0ms
260 timing idealTree:node_modules/@types/babel__traverse Completed in 0ms
261 silly fetch manifest browserslist@>= 4.21.0
262 silly placeDep ROOT baseline-browser-mapping@2.8.28 OK for: browserslist@4.28.0 want: ^2.8.25
263 silly placeDep ROOT caniuse-lite@1.0.30001754 OK for: browserslist@4.28.0 want: ^1.0.30001754
264 silly placeDep ROOT electron-to-chromium@1.5.250 OK for: browserslist@4.28.0 want: ^1.5.249
265 silly placeDep ROOT node-releases@2.0.27 OK for: browserslist@4.28.0 want: ^2.0.27
266 silly placeDep ROOT update-browserslist-db@1.1.4 OK for: browserslist@4.28.0 want: ^1.1.4
267 silly fetch manifest escalade@^3.2.0
268 http fetch GET 200 https://registry.npmjs.org/escalade 122ms (cache revalidated)
269 timing idealTree:node_modules/browserslist Completed in 143ms
270 timing idealTree:node_modules/baseline-browser-mapping Completed in 0ms
271 timing idealTree:node_modules/caniuse-lite Completed in 0ms
272 timing idealTree:node_modules/convert-source-map Completed in 0ms
273 silly placeDep ROOT ms@2.1.3 OK for: debug@4.4.3 want: ^2.1.3
274 timing idealTree:node_modules/debug Completed in 3ms
275 timing idealTree:node_modules/electron-to-chromium Completed in 0ms
276 timing idealTree:node_modules/gensync Completed in 0ms
277 timing idealTree:node_modules/js-tokens Completed in 1ms
278 timing idealTree:node_modules/jsesc Completed in 0ms
279 timing idealTree:node_modules/json5 Completed in 0ms
280 silly placeDep ROOT yallist@3.1.1 OK for: lru-cache@5.1.1 want: ^3.0.2
281 timing idealTree:node_modules/lru-cache Completed in 2ms
282 timing idealTree:node_modules/ms Completed in 1ms
283 timing idealTree:node_modules/node-releases Completed in 0ms
284 timing idealTree:node_modules/picocolors Completed in 0ms
285 silly placeDep ROOT loose-envify@1.4.0 OK for: react@18.3.1 want: ^1.1.0
286 timing idealTree:node_modules/react Completed in 3ms
287 timing idealTree:node_modules/loose-envify Completed in 0ms
288 silly placeDep ROOT scheduler@0.23.2 OK for: react-dom@18.3.1 want: ^0.23.2
289 timing idealTree:node_modules/react-dom Completed in 2ms
290 timing idealTree:node_modules/react-refresh Completed in 0ms
291 timing idealTree:node_modules/scheduler Completed in 0ms
292 timing idealTree:node_modules/semver Completed in 0ms
293 timing idealTree:node_modules/typescript Completed in 0ms
294 silly placeDep ROOT escalade@3.2.0 OK for: update-browserslist-db@1.1.4 want: ^3.2.0
295 timing idealTree:node_modules/update-browserslist-db Completed in 2ms
296 timing idealTree:node_modules/escalade Completed in 0ms
297 silly placeDep ROOT esbuild@0.21.5 OK for: vite@5.4.21 want: ^0.21.3
298 silly placeDep ROOT fsevents@2.3.3 OK for: vite@5.4.21 want: ~2.3.3
299 silly placeDep ROOT postcss@8.5.6 OK for: vite@5.4.21 want: ^8.4.43
300 silly placeDep ROOT rollup@4.53.2 OK for: vite@5.4.21 want: ^4.20.0
301 silly fetch manifest @esbuild/aix-ppc64@0.21.5
302 silly fetch manifest @esbuild/linux-arm@0.21.5
303 silly fetch manifest @esbuild/linux-x64@0.21.5
304 silly fetch manifest @esbuild/sunos-x64@0.21.5
305 silly fetch manifest @esbuild/win32-x64@0.21.5
306 silly fetch manifest @esbuild/darwin-x64@0.21.5
307 silly fetch manifest @esbuild/linux-ia32@0.21.5
308 silly fetch manifest @esbuild/netbsd-x64@0.21.5
309 silly fetch manifest @esbuild/win32-ia32@0.21.5
310 silly fetch manifest @esbuild/android-arm@0.21.5
311 silly fetch manifest @esbuild/android-x64@0.21.5
312 silly fetch manifest @esbuild/freebsd-x64@0.21.5
313 silly fetch manifest @esbuild/linux-arm64@0.21.5
314 silly fetch manifest @esbuild/linux-ppc64@0.21.5
315 silly fetch manifest @esbuild/linux-s390x@0.21.5
316 silly fetch manifest @esbuild/openbsd-x64@0.21.5
317 silly fetch manifest @esbuild/win32-arm64@0.21.5
318 silly fetch manifest @esbuild/darwin-arm64@0.21.5
319 silly fetch manifest @esbuild/android-arm64@0.21.5
320 silly fetch manifest @esbuild/freebsd-arm64@0.21.5
321 silly fetch manifest @esbuild/linux-loong64@0.21.5
322 silly fetch manifest @esbuild/linux-riscv64@0.21.5
323 silly fetch manifest @esbuild/linux-mips64el@0.21.5
324 silly fetch manifest nanoid@^3.3.11
325 silly fetch manifest source-map-js@^1.2.1
326 silly fetch manifest @types/estree@1.0.8
327 silly fetch manifest @rollup/rollup-darwin-arm64@4.53.2
328 silly fetch manifest @rollup/rollup-android-arm64@4.53.2
329 silly fetch manifest @rollup/rollup-win32-arm64-msvc@4.53.2
330 silly fetch manifest @rollup/rollup-freebsd-arm64@4.53.2
331 silly fetch manifest @rollup/rollup-linux-arm64-gnu@4.53.2
332 silly fetch manifest @rollup/rollup-linux-arm64-musl@4.53.2
333 silly fetch manifest @rollup/rollup-android-arm-eabi@4.53.2
334 silly fetch manifest @rollup/rollup-linux-arm-gnueabihf@4.53.2
335 silly fetch manifest @rollup/rollup-linux-arm-musleabihf@4.53.2
336 silly fetch manifest @rollup/rollup-win32-ia32-msvc@4.53.2
337 silly fetch manifest @rollup/rollup-linux-loong64-gnu@4.53.2
338 silly fetch manifest @rollup/rollup-linux-riscv64-gnu@4.53.2
339 silly fetch manifest @rollup/rollup-linux-riscv64-musl@4.53.2
340 silly fetch manifest @rollup/rollup-linux-ppc64-gnu@4.53.2
341 silly fetch manifest @rollup/rollup-linux-s390x-gnu@4.53.2
342 silly fetch manifest @rollup/rollup-darwin-x64@4.53.2
343 silly fetch manifest @rollup/rollup-win32-x64-gnu@4.53.2
344 silly fetch manifest @rollup/rollup-win32-x64-msvc@4.53.2
345 silly fetch manifest @rollup/rollup-freebsd-x64@4.53.2
346 silly fetch manifest @rollup/rollup-linux-x64-gnu@4.53.2
347 silly fetch manifest @rollup/rollup-linux-x64-musl@4.53.2
348 silly fetch manifest @rollup/rollup-openharmony-arm64@4.53.2
349 http fetch GET 200 https://registry.npmjs.org/@esbuild%2fandroid-x64 560ms (cache revalidated)
350 http fetch GET 200 https://registry.npmjs.org/@esbuild%2flinux-loong64 553ms (cache revalidated)
351 http fetch GET 200 https://registry.npmjs.org/@esbuild%2fwin32-ia32 570ms (cache revalidated)
352 http fetch GET 200 https://registry.npmjs.org/@esbuild%2flinux-s390x 580ms (cache revalidated)
353 http fetch GET 200 https://registry.npmjs.org/@esbuild%2fdarwin-x64 680ms (cache revalidated)
354 http fetch GET 200 https://registry.npmjs.org/@esbuild%2flinux-x64 686ms (cache revalidated)
355 http fetch GET 200 https://registry.npmjs.org/@esbuild%2fdarwin-arm64 669ms (cache revalidated)
356 http fetch GET 200 https://registry.npmjs.org/@esbuild%2fwin32-arm64 674ms (cache revalidated)
357 http fetch GET 200 https://registry.npmjs.org/@esbuild%2faix-ppc64 697ms (cache revalidated)
358 http fetch GET 200 https://registry.npmjs.org/@esbuild%2flinux-ppc64 684ms (cache revalidated)
359 http fetch GET 200 https://registry.npmjs.org/@esbuild%2flinux-riscv64 683ms (cache revalidated)
360 http fetch GET 200 https://registry.npmjs.org/@esbuild%2fandroid-arm64 695ms (cache revalidated)
361 http fetch GET 200 https://registry.npmjs.org/@rollup%2frollup-win32-x64-gnu 809ms (cache revalidated)
362 http fetch GET 200 https://registry.npmjs.org/@rollup%2frollup-linux-riscv64-gnu 920ms (cache revalidated)
363 http fetch GET 200 https://registry.npmjs.org/@esbuild%2flinux-mips64el 958ms (cache revalidated)
364 http fetch GET 200 https://registry.npmjs.org/@esbuild%2ffreebsd-x64 977ms (cache revalidated)
365 http fetch GET 200 https://registry.npmjs.org/@esbuild%2flinux-ia32 995ms (cache revalidated)
366 http fetch GET 200 https://registry.npmjs.org/@esbuild%2ffreebsd-arm64 984ms (cache revalidated)
367 http fetch GET 200 https://registry.npmjs.org/@rollup%2frollup-linux-loong64-gnu 955ms (cache revalidated)
368 http fetch GET 200 https://registry.npmjs.org/@rollup%2frollup-openharmony-arm64 945ms (cache revalidated)
369 http fetch GET 200 https://registry.npmjs.org/@rollup%2frollup-linux-arm-musleabihf 1144ms (cache revalidated)
370 http fetch GET 200 https://registry.npmjs.org/@rollup%2frollup-linux-x64-musl 1134ms (cache revalidated)
371 http fetch GET 200 https://registry.npmjs.org/@rollup%2frollup-linux-s390x-gnu 1144ms (cache revalidated)
372 http fetch GET 200 https://registry.npmjs.org/@rollup%2frollup-linux-x64-gnu 1141ms (cache revalidated)
373 http fetch GET 200 https://registry.npmjs.org/@esbuild%2fandroid-arm 1205ms (cache revalidated)
374 http fetch GET 200 https://registry.npmjs.org/@esbuild%2fnetbsd-x64 1211ms (cache revalidated)
375 http fetch GET 200 https://registry.npmjs.org/@esbuild%2flinux-arm 1220ms (cache revalidated)
376 http fetch GET 200 https://registry.npmjs.org/@rollup%2frollup-win32-ia32-msvc 1178ms (cache revalidated)
377 http fetch GET 200 https://registry.npmjs.org/@esbuild%2fwin32-x64 1411ms (cache revalidated)
378 http fetch GET 200 https://registry.npmjs.org/@rollup%2frollup-darwin-arm64 1373ms (cache revalidated)
379 http fetch GET 200 https://registry.npmjs.org/@rollup%2frollup-darwin-x64 1354ms (cache revalidated)
380 http fetch GET 200 https://registry.npmjs.org/@rollup%2frollup-win32-arm64-msvc 1375ms (cache revalidated)
381 http fetch GET 200 https://registry.npmjs.org/@esbuild%2fsunos-x64 1423ms (cache revalidated)
382 http fetch GET 200 https://registry.npmjs.org/@rollup%2frollup-freebsd-arm64 1378ms (cache revalidated)
383 http fetch GET 200 https://registry.npmjs.org/@rollup%2frollup-freebsd-x64 1360ms (cache revalidated)
384 http fetch GET 200 https://registry.npmjs.org/@rollup%2frollup-linux-ppc64-gnu 1389ms (cache revalidated)
385 http fetch GET 200 https://registry.npmjs.org/@types%2festree 1411ms (cache revalidated)
386 http fetch GET 200 https://registry.npmjs.org/nanoid 1417ms (cache revalidated)
387 http fetch GET 200 https://registry.npmjs.org/source-map-js 1422ms (cache revalidated)
388 http fetch GET 200 https://registry.npmjs.org/@rollup%2frollup-win32-x64-msvc 1413ms (cache revalidated)
389 http fetch GET 200 https://registry.npmjs.org/@rollup%2frollup-linux-arm64-musl 1451ms (cache revalidated)
390 http fetch GET 200 https://registry.npmjs.org/@rollup%2frollup-linux-riscv64-musl 1444ms (cache revalidated)
391 http fetch GET 200 https://registry.npmjs.org/@rollup%2frollup-android-arm-eabi 1511ms (cache revalidated)
392 http fetch GET 200 https://registry.npmjs.org/@rollup%2frollup-linux-arm-gnueabihf 1527ms (cache revalidated)
393 http fetch GET 200 https://registry.npmjs.org/@rollup%2frollup-android-arm64 1639ms (cache revalidated)
394 http fetch GET 200 https://registry.npmjs.org/@rollup%2frollup-linux-arm64-gnu 1684ms (cache revalidated)
395 http fetch GET 200 https://registry.npmjs.org/@esbuild%2flinux-arm64 1892ms (cache revalidated)
396 http fetch GET 200 https://registry.npmjs.org/@esbuild%2fopenbsd-x64 2274ms (cache revalidated)
397 timing idealTree:node_modules/vite Completed in 2308ms
398 silly placeDep ROOT @esbuild/aix-ppc64@0.21.5 OK for: esbuild@0.21.5 want: 0.21.5
399 silly placeDep ROOT @esbuild/android-arm@0.21.5 OK for: esbuild@0.21.5 want: 0.21.5
400 silly placeDep ROOT @esbuild/android-arm64@0.21.5 OK for: esbuild@0.21.5 want: 0.21.5
401 silly placeDep ROOT @esbuild/android-x64@0.21.5 OK for: esbuild@0.21.5 want: 0.21.5
402 silly placeDep ROOT @esbuild/darwin-arm64@0.21.5 OK for: esbuild@0.21.5 want: 0.21.5
403 silly placeDep ROOT @esbuild/darwin-x64@0.21.5 OK for: esbuild@0.21.5 want: 0.21.5
404 silly placeDep ROOT @esbuild/freebsd-arm64@0.21.5 OK for: esbuild@0.21.5 want: 0.21.5
405 silly placeDep ROOT @esbuild/freebsd-x64@0.21.5 OK for: esbuild@0.21.5 want: 0.21.5
406 silly placeDep ROOT @esbuild/linux-arm@0.21.5 OK for: esbuild@0.21.5 want: 0.21.5
407 silly placeDep ROOT @esbuild/linux-arm64@0.21.5 OK for: esbuild@0.21.5 want: 0.21.5
408 silly placeDep ROOT @esbuild/linux-ia32@0.21.5 OK for: esbuild@0.21.5 want: 0.21.5
409 silly placeDep ROOT @esbuild/linux-loong64@0.21.5 OK for: esbuild@0.21.5 want: 0.21.5
410 silly placeDep ROOT @esbuild/linux-mips64el@0.21.5 OK for: esbuild@0.21.5 want: 0.21.5
411 silly placeDep ROOT @esbuild/linux-ppc64@0.21.5 OK for: esbuild@0.21.5 want: 0.21.5
412 silly placeDep ROOT @esbuild/linux-riscv64@0.21.5 OK for: esbuild@0.21.5 want: 0.21.5
413 silly placeDep ROOT @esbuild/linux-s390x@0.21.5 OK for: esbuild@0.21.5 want: 0.21.5
414 silly placeDep ROOT @esbuild/linux-x64@0.21.5 OK for: esbuild@0.21.5 want: 0.21.5
415 silly placeDep ROOT @esbuild/netbsd-x64@0.21.5 OK for: esbuild@0.21.5 want: 0.21.5
416 silly placeDep ROOT @esbuild/openbsd-x64@0.21.5 OK for: esbuild@0.21.5 want: 0.21.5
417 silly placeDep ROOT @esbuild/sunos-x64@0.21.5 OK for: esbuild@0.21.5 want: 0.21.5
418 silly placeDep ROOT @esbuild/win32-arm64@0.21.5 OK for: esbuild@0.21.5 want: 0.21.5
419 silly placeDep ROOT @esbuild/win32-ia32@0.21.5 OK for: esbuild@0.21.5 want: 0.21.5
420 silly placeDep ROOT @esbuild/win32-x64@0.21.5 OK for: esbuild@0.21.5 want: 0.21.5
421 timing idealTree:node_modules/esbuild Completed in 48ms
422 timing idealTree:node_modules/@esbuild/aix-ppc64 Completed in 0ms
423 timing idealTree:node_modules/@esbuild/android-arm Completed in 0ms
424 timing idealTree:node_modules/@esbuild/android-arm64 Completed in 0ms
425 timing idealTree:node_modules/@esbuild/android-x64 Completed in 0ms
426 timing idealTree:node_modules/@esbuild/darwin-arm64 Completed in 1ms
427 timing idealTree:node_modules/@esbuild/darwin-x64 Completed in 0ms
428 timing idealTree:node_modules/@esbuild/freebsd-arm64 Completed in 0ms
429 timing idealTree:node_modules/@esbuild/freebsd-x64 Completed in 0ms
430 timing idealTree:node_modules/@esbuild/linux-arm Completed in 0ms
431 timing idealTree:node_modules/@esbuild/linux-arm64 Completed in 0ms
432 timing idealTree:node_modules/@esbuild/linux-ia32 Completed in 0ms
433 timing idealTree:node_modules/@esbuild/linux-loong64 Completed in 1ms
434 timing idealTree:node_modules/@esbuild/linux-mips64el Completed in 0ms
435 timing idealTree:node_modules/@esbuild/linux-ppc64 Completed in 0ms
436 timing idealTree:node_modules/@esbuild/linux-riscv64 Completed in 0ms
437 timing idealTree:node_modules/@esbuild/linux-s390x Completed in 0ms
438 timing idealTree:node_modules/@esbuild/linux-x64 Completed in 0ms
439 timing idealTree:node_modules/@esbuild/netbsd-x64 Completed in 0ms
440 timing idealTree:node_modules/@esbuild/openbsd-x64 Completed in 0ms
441 timing idealTree:node_modules/@esbuild/sunos-x64 Completed in 0ms
442 timing idealTree:node_modules/@esbuild/win32-arm64 Completed in 0ms
443 timing idealTree:node_modules/@esbuild/win32-ia32 Completed in 0ms
444 timing idealTree:node_modules/@esbuild/win32-x64 Completed in 0ms
445 timing idealTree:node_modules/fsevents Completed in 0ms
446 silly placeDep ROOT nanoid@3.3.11 OK for: postcss@8.5.6 want: ^3.3.11
447 silly placeDep ROOT source-map-js@1.2.1 OK for: postcss@8.5.6 want: ^1.2.1
448 timing idealTree:node_modules/postcss Completed in 4ms
449 timing idealTree:node_modules/nanoid Completed in 0ms
450 silly placeDep ROOT @rollup/rollup-android-arm-eabi@4.53.2 OK for: rollup@4.53.2 want: 4.53.2
451 silly placeDep ROOT @rollup/rollup-android-arm64@4.53.2 OK for: rollup@4.53.2 want: 4.53.2
452 silly placeDep ROOT @rollup/rollup-darwin-arm64@4.53.2 OK for: rollup@4.53.2 want: 4.53.2
453 silly placeDep ROOT @rollup/rollup-darwin-x64@4.53.2 OK for: rollup@4.53.2 want: 4.53.2
454 silly placeDep ROOT @rollup/rollup-freebsd-arm64@4.53.2 OK for: rollup@4.53.2 want: 4.53.2
455 silly placeDep ROOT @rollup/rollup-freebsd-x64@4.53.2 OK for: rollup@4.53.2 want: 4.53.2
456 silly placeDep ROOT @rollup/rollup-linux-arm-gnueabihf@4.53.2 OK for: rollup@4.53.2 want: 4.53.2
457 silly placeDep ROOT @rollup/rollup-linux-arm-musleabihf@4.53.2 OK for: rollup@4.53.2 want: 4.53.2
458 silly placeDep ROOT @rollup/rollup-linux-arm64-gnu@4.53.2 OK for: rollup@4.53.2 want: 4.53.2
459 silly placeDep ROOT @rollup/rollup-linux-arm64-musl@4.53.2 OK for: rollup@4.53.2 want: 4.53.2
460 silly placeDep ROOT @rollup/rollup-linux-loong64-gnu@4.53.2 OK for: rollup@4.53.2 want: 4.53.2
461 silly placeDep ROOT @rollup/rollup-linux-ppc64-gnu@4.53.2 OK for: rollup@4.53.2 want: 4.53.2
462 silly placeDep ROOT @rollup/rollup-linux-riscv64-gnu@4.53.2 OK for: rollup@4.53.2 want: 4.53.2
463 silly placeDep ROOT @rollup/rollup-linux-riscv64-musl@4.53.2 OK for: rollup@4.53.2 want: 4.53.2
464 silly placeDep ROOT @rollup/rollup-linux-s390x-gnu@4.53.2 OK for: rollup@4.53.2 want: 4.53.2
465 silly placeDep ROOT @rollup/rollup-linux-x64-gnu@4.53.2 OK for: rollup@4.53.2 want: 4.53.2
466 silly placeDep ROOT @rollup/rollup-linux-x64-musl@4.53.2 OK for: rollup@4.53.2 want: 4.53.2
467 silly placeDep ROOT @rollup/rollup-openharmony-arm64@4.53.2 OK for: rollup@4.53.2 want: 4.53.2
468 silly placeDep ROOT @rollup/rollup-win32-arm64-msvc@4.53.2 OK for: rollup@4.53.2 want: 4.53.2
469 silly placeDep ROOT @rollup/rollup-win32-ia32-msvc@4.53.2 OK for: rollup@4.53.2 want: 4.53.2
470 silly placeDep ROOT @rollup/rollup-win32-x64-gnu@4.53.2 OK for: rollup@4.53.2 want: 4.53.2
471 silly placeDep ROOT @rollup/rollup-win32-x64-msvc@4.53.2 OK for: rollup@4.53.2 want: 4.53.2
472 silly placeDep ROOT @types/estree@1.0.8 OK for: rollup@4.53.2 want: 1.0.8
473 timing idealTree:node_modules/rollup Completed in 39ms
474 timing idealTree:node_modules/@rollup/rollup-android-arm-eabi Completed in 0ms
475 timing idealTree:node_modules/@rollup/rollup-android-arm64 Completed in 0ms
476 timing idealTree:node_modules/@rollup/rollup-darwin-arm64 Completed in 0ms
477 timing idealTree:node_modules/@rollup/rollup-darwin-x64 Completed in 0ms
478 timing idealTree:node_modules/@rollup/rollup-freebsd-arm64 Completed in 0ms
479 timing idealTree:node_modules/@rollup/rollup-freebsd-x64 Completed in 0ms
480 timing idealTree:node_modules/@rollup/rollup-linux-arm-gnueabihf Completed in 0ms
481 timing idealTree:node_modules/@rollup/rollup-linux-arm-musleabihf Completed in 0ms
482 timing idealTree:node_modules/@rollup/rollup-linux-arm64-gnu Completed in 0ms
483 timing idealTree:node_modules/@rollup/rollup-linux-arm64-musl Completed in 0ms
484 timing idealTree:node_modules/@rollup/rollup-linux-loong64-gnu Completed in 0ms
485 timing idealTree:node_modules/@rollup/rollup-linux-ppc64-gnu Completed in 0ms
486 timing idealTree:node_modules/@rollup/rollup-linux-riscv64-gnu Completed in 0ms
487 timing idealTree:node_modules/@rollup/rollup-linux-riscv64-musl Completed in 0ms
488 timing idealTree:node_modules/@rollup/rollup-linux-s390x-gnu Completed in 0ms
489 timing idealTree:node_modules/@rollup/rollup-linux-x64-gnu Completed in 0ms
490 timing idealTree:node_modules/@rollup/rollup-linux-x64-musl Completed in 0ms
491 timing idealTree:node_modules/@rollup/rollup-openharmony-arm64 Completed in 0ms
492 timing idealTree:node_modules/@rollup/rollup-win32-arm64-msvc Completed in 0ms
493 timing idealTree:node_modules/@rollup/rollup-win32-ia32-msvc Completed in 0ms
494 timing idealTree:node_modules/@rollup/rollup-win32-x64-gnu Completed in 0ms
495 timing idealTree:node_modules/@rollup/rollup-win32-x64-msvc Completed in 0ms
496 timing idealTree:node_modules/@types/estree Completed in 0ms
497 timing idealTree:node_modules/source-map-js Completed in 0ms
498 timing idealTree:node_modules/yallist Completed in 0ms
499 timing idealTree:buildDeps Completed in 13875ms
500 timing idealTree:fixDepFlags Completed in 3ms
501 timing idealTree Completed in 13897ms
502 timing reify:loadTrees Completed in 13899ms
503 timing reify:diffTrees Completed in 6ms
504 silly reify moves {}
505 timing reify:retireShallow Completed in 3ms
506 timing reify:createSparse Completed in 38ms
507 timing reify:loadBundles Completed in 0ms
508 silly audit bulk request {
508 silly audit   '@vitejs/plugin-react': [ '4.7.0' ],
508 silly audit   vite: [ '5.4.21' ],
508 silly audit   react: [ '18.3.1' ],
508 silly audit   'react-dom': [ '18.3.1' ],
508 silly audit   typescript: [ '5.9.3' ],
508 silly audit   '@babel/core': [ '7.28.5' ],
508 silly audit   '@babel/plugin-transform-react-jsx-self': [ '7.27.1' ],
508 silly audit   '@babel/plugin-transform-react-jsx-source': [ '7.27.1' ],
508 silly audit   '@rolldown/pluginutils': [ '1.0.0-beta.27' ],
508 silly audit   '@types/babel__core': [ '7.20.5' ],
508 silly audit   'react-refresh': [ '0.17.0' ],
508 silly audit   '@babel/code-frame': [ '7.27.1' ],
508 silly audit   '@babel/generator': [ '7.28.5' ],
508 silly audit   '@babel/helper-compilation-targets': [ '7.27.2' ],
508 silly audit   '@babel/helper-module-transforms': [ '7.28.3' ],
508 silly audit   '@babel/helpers': [ '7.28.4' ],
508 silly audit   '@babel/parser': [ '7.28.5' ],
508 silly audit   '@babel/template': [ '7.27.2' ],
508 silly audit   '@babel/traverse': [ '7.28.5' ],
508 silly audit   '@babel/types': [ '7.28.5' ],
508 silly audit   '@jridgewell/remapping': [ '2.3.5' ],
508 silly audit   'convert-source-map': [ '2.0.0' ],
508 silly audit   debug: [ '4.4.3' ],
508 silly audit   gensync: [ '1.0.0-beta.2' ],
508 silly audit   json5: [ '2.2.3' ],
508 silly audit   semver: [ '6.3.1' ],
508 silly audit   '@babel/helper-validator-identifier': [ '7.28.5' ],
508 silly audit   'js-tokens': [ '4.0.0' ],
508 silly audit   picocolors: [ '1.1.1' ],
508 silly audit   '@jridgewell/gen-mapping': [ '0.3.13' ],
508 silly audit   '@jridgewell/trace-mapping': [ '0.3.31' ],
508 silly audit   jsesc: [ '3.1.0' ],
508 silly audit   '@babel/compat-data': [ '7.28.5' ],
508 silly audit   '@babel/helper-validator-option': [ '7.27.1' ],
508 silly audit   browserslist: [ '4.28.0' ],
508 silly audit   'lru-cache': [ '5.1.1' ],
508 silly audit   '@babel/helper-module-imports': [ '7.27.1' ],
508 silly audit   '@babel/helper-plugin-utils': [ '7.27.1' ],
508 silly audit   '@babel/helper-globals': [ '7.28.0' ],
508 silly audit   '@babel/helper-string-parser': [ '7.27.1' ],
508 silly audit   '@jridgewell/sourcemap-codec': [ '1.5.5' ],
508 silly audit   '@jridgewell/resolve-uri': [ '3.1.2' ],
508 silly audit   '@types/babel__generator': [ '7.27.0' ],
508 silly audit   '@types/babel__template': [ '7.4.4' ],
508 silly audit   '@types/babel__traverse': [ '7.28.0' ],
508 silly audit   'baseline-browser-mapping': [ '2.8.28' ],
508 silly audit   'caniuse-lite': [ '1.0.30001754' ],
508 silly audit   'electron-to-chromium': [ '1.5.250' ],
508 silly audit   'node-releases': [ '2.0.27' ],
508 silly audit   'update-browserslist-db': [ '1.1.4' ],
508 silly audit   ms: [ '2.1.3' ],
508 silly audit   yallist: [ '3.1.1' ],
508 silly audit   'loose-envify': [ '1.4.0' ],
508 silly audit   scheduler: [ '0.23.2' ],
508 silly audit   escalade: [ '3.2.0' ],
508 silly audit   esbuild: [ '0.21.5' ],
508 silly audit   fsevents: [ '2.3.3' ],
508 silly audit   postcss: [ '8.5.6' ],
508 silly audit   rollup: [ '4.53.2' ],
508 silly audit   '@esbuild/aix-ppc64': [ '0.21.5' ],
508 silly audit   '@esbuild/android-arm': [ '0.21.5' ],
508 silly audit   '@esbuild/android-arm64': [ '0.21.5' ],
508 silly audit   '@esbuild/android-x64': [ '0.21.5' ],
508 silly audit   '@esbuild/darwin-arm64': [ '0.21.5' ],
508 silly audit   '@esbuild/darwin-x64': [ '0.21.5' ],
508 silly audit   '@esbuild/freebsd-arm64': [ '0.21.5' ],
508 silly audit   '@esbuild/freebsd-x64': [ '0.21.5' ],
508 silly audit   '@esbuild/linux-arm': [ '0.21.5' ],
508 silly audit   '@esbuild/linux-arm64': [ '0.21.5' ],
508 silly audit   '@esbuild/linux-ia32': [ '0.21.5' ],
508 silly audit   '@esbuild/linux-loong64': [ '0.21.5' ],
508 silly audit   '@esbuild/linux-mips64el': [ '0.21.5' ],
508 silly audit   '@esbuild/linux-ppc64': [ '0.21.5' ],
508 silly audit   '@esbuild/linux-riscv64': [ '0.21.5' ],
508 silly audit   '@esbuild/linux-s390x': [ '0.21.5' ],
508 silly audit   '@esbuild/linux-x64': [ '0.21.5' ],
508 silly audit   '@esbuild/netbsd-x64': [ '0.21.5' ],
508 silly audit   '@esbuild/openbsd-x64': [ '0.21.5' ],
508 silly audit   '@esbuild/sunos-x64': [ '0.21.5' ],
508 silly audit   '@esbuild/win32-arm64': [ '0.21.5' ],
508 silly audit   '@esbuild/win32-ia32': [ '0.21.5' ],
508 silly audit   '@esbuild/win32-x64': [ '0.21.5' ],
508 silly audit   nanoid: [ '3.3.11' ],
508 silly audit   'source-map-js': [ '1.2.1' ],
508 silly audit   '@rollup/rollup-android-arm-eabi': [ '4.53.2' ],
508 silly audit   '@rollup/rollup-android-arm64': [ '4.53.2' ],
508 silly audit   '@rollup/rollup-darwin-arm64': [ '4.53.2' ],
508 silly audit   '@rollup/rollup-darwin-x64': [ '4.53.2' ],
508 silly audit   '@rollup/rollup-freebsd-arm64': [ '4.53.2' ],
508 silly audit   '@rollup/rollup-freebsd-x64': [ '4.53.2' ],
508 silly audit   '@rollup/rollup-linux-arm-gnueabihf': [ '4.53.2' ],
508 silly audit   '@rollup/rollup-linux-arm-musleabihf': [ '4.53.2' ],
508 silly audit   '@rollup/rollup-linux-arm64-gnu': [ '4.53.2' ],
508 silly audit   '@rollup/rollup-linux-arm64-musl': [ '4.53.2' ],
508 silly audit   '@rollup/rollup-linux-loong64-gnu': [ '4.53.2' ],
508 silly audit   '@rollup/rollup-linux-ppc64-gnu': [ '4.53.2' ],
508 silly audit   '@rollup/rollup-linux-riscv64-gnu': [ '4.53.2' ],
508 silly audit   '@rollup/rollup-linux-riscv64-musl': [ '4.53.2' ],
508 silly audit   '@rollup/rollup-linux-s390x-gnu': [ '4.53.2' ],
508 silly audit   '@rollup/rollup-linux-x64-gnu': [ '4.53.2' ],
508 silly audit   '@rollup/rollup-linux-x64-musl': [ '4.53.2' ],
508 silly audit   '@rollup/rollup-openharmony-arm64': [ '4.53.2' ],
508 silly audit   '@rollup/rollup-win32-arm64-msvc': [ '4.53.2' ],
508 silly audit   '@rollup/rollup-win32-ia32-msvc': [ '4.53.2' ],
508 silly audit   '@rollup/rollup-win32-x64-gnu': [ '4.53.2' ],
508 silly audit   '@rollup/rollup-win32-x64-msvc': [ '4.53.2' ],
508 silly audit   '@types/estree': [ '1.0.8' ]
508 silly audit }
509 verbose reify failed optional dependency /home/srijan/myapp/frontend/node_modules/@rollup/rollup-win32-x64-msvc
510 silly reify mark deleted [
510 silly reify   '/home/srijan/myapp/frontend/node_modules/@rollup/rollup-win32-x64-msvc'
510 silly reify ]
511 verbose reify failed optional dependency /home/srijan/myapp/frontend/node_modules/@rollup/rollup-win32-x64-gnu
512 silly reify mark deleted [
512 silly reify   '/home/srijan/myapp/frontend/node_modules/@rollup/rollup-win32-x64-gnu'
512 silly reify ]
513 verbose reify failed optional dependency /home/srijan/myapp/frontend/node_modules/@rollup/rollup-win32-ia32-msvc
514 silly reify mark deleted [
514 silly reify   '/home/srijan/myapp/frontend/node_modules/@rollup/rollup-win32-ia32-msvc'
514 silly reify ]
515 verbose reify failed optional dependency /home/srijan/myapp/frontend/node_modules/@rollup/rollup-win32-arm64-msvc
516 silly reify mark deleted [
516 silly reify   '/home/srijan/myapp/frontend/node_modules/@rollup/rollup-win32-arm64-msvc'
516 silly reify ]
517 verbose reify failed optional dependency /home/srijan/myapp/frontend/node_modules/@rollup/rollup-openharmony-arm64
518 silly reify mark deleted [
518 silly reify   '/home/srijan/myapp/frontend/node_modules/@rollup/rollup-openharmony-arm64'
518 silly reify ]
519 verbose reify failed optional dependency /home/srijan/myapp/frontend/node_modules/@rollup/rollup-linux-s390x-gnu
520 silly reify mark deleted [
520 silly reify   '/home/srijan/myapp/frontend/node_modules/@rollup/rollup-linux-s390x-gnu'
520 silly reify ]
521 verbose reify failed optional dependency /home/srijan/myapp/frontend/node_modules/@rollup/rollup-linux-riscv64-musl
522 silly reify mark deleted [
522 silly reify   '/home/srijan/myapp/frontend/node_modules/@rollup/rollup-linux-riscv64-musl'
522 silly reify ]
523 verbose reify failed optional dependency /home/srijan/myapp/frontend/node_modules/@rollup/rollup-linux-riscv64-gnu
524 silly reify mark deleted [
524 silly reify   '/home/srijan/myapp/frontend/node_modules/@rollup/rollup-linux-riscv64-gnu'
524 silly reify ]
525 verbose reify failed optional dependency /home/srijan/myapp/frontend/node_modules/@rollup/rollup-linux-ppc64-gnu
526 silly reify mark deleted [
526 silly reify   '/home/srijan/myapp/frontend/node_modules/@rollup/rollup-linux-ppc64-gnu'
526 silly reify ]
527 verbose reify failed optional dependency /home/srijan/myapp/frontend/node_modules/@rollup/rollup-linux-loong64-gnu
528 silly reify mark deleted [
528 silly reify   '/home/srijan/myapp/frontend/node_modules/@rollup/rollup-linux-loong64-gnu'
528 silly reify ]
529 verbose reify failed optional dependency /home/srijan/myapp/frontend/node_modules/@rollup/rollup-linux-arm64-musl
530 silly reify mark deleted [
530 silly reify   '/home/srijan/myapp/frontend/node_modules/@rollup/rollup-linux-arm64-musl'
530 silly reify ]
531 verbose reify failed optional dependency /home/srijan/myapp/frontend/node_modules/@rollup/rollup-linux-arm64-gnu
532 silly reify mark deleted [
532 silly reify   '/home/srijan/myapp/frontend/node_modules/@rollup/rollup-linux-arm64-gnu'
532 silly reify ]
533 verbose reify failed optional dependency /home/srijan/myapp/frontend/node_modules/@rollup/rollup-linux-arm-musleabihf
534 silly reify mark deleted [
534 silly reify   '/home/srijan/myapp/frontend/node_modules/@rollup/rollup-linux-arm-musleabihf'
534 silly reify ]
535 verbose reify failed optional dependency /home/srijan/myapp/frontend/node_modules/@rollup/rollup-linux-arm-gnueabihf
536 silly reify mark deleted [
536 silly reify   '/home/srijan/myapp/frontend/node_modules/@rollup/rollup-linux-arm-gnueabihf'
536 silly reify ]
537 verbose reify failed optional dependency /home/srijan/myapp/frontend/node_modules/@rollup/rollup-freebsd-x64
538 silly reify mark deleted [
538 silly reify   '/home/srijan/myapp/frontend/node_modules/@rollup/rollup-freebsd-x64'
538 silly reify ]
539 verbose reify failed optional dependency /home/srijan/myapp/frontend/node_modules/@rollup/rollup-freebsd-arm64
540 silly reify mark deleted [
540 silly reify   '/home/srijan/myapp/frontend/node_modules/@rollup/rollup-freebsd-arm64'
540 silly reify ]
541 verbose reify failed optional dependency /home/srijan/myapp/frontend/node_modules/@rollup/rollup-darwin-x64
542 silly reify mark deleted [
542 silly reify   '/home/srijan/myapp/frontend/node_modules/@rollup/rollup-darwin-x64'
542 silly reify ]
543 verbose reify failed optional dependency /home/srijan/myapp/frontend/node_modules/@rollup/rollup-darwin-arm64
544 silly reify mark deleted [
544 silly reify   '/home/srijan/myapp/frontend/node_modules/@rollup/rollup-darwin-arm64'
544 silly reify ]
545 verbose reify failed optional dependency /home/srijan/myapp/frontend/node_modules/@rollup/rollup-android-arm64
546 silly reify mark deleted [
546 silly reify   '/home/srijan/myapp/frontend/node_modules/@rollup/rollup-android-arm64'
546 silly reify ]
547 verbose reify failed optional dependency /home/srijan/myapp/frontend/node_modules/@rollup/rollup-android-arm-eabi
548 silly reify mark deleted [
548 silly reify   '/home/srijan/myapp/frontend/node_modules/@rollup/rollup-android-arm-eabi'
548 silly reify ]
549 verbose reify failed optional dependency /home/srijan/myapp/frontend/node_modules/@esbuild/win32-x64
550 silly reify mark deleted [ '/home/srijan/myapp/frontend/node_modules/@esbuild/win32-x64' ]
551 verbose reify failed optional dependency /home/srijan/myapp/frontend/node_modules/@esbuild/win32-ia32
552 silly reify mark deleted [ '/home/srijan/myapp/frontend/node_modules/@esbuild/win32-ia32' ]
553 verbose reify failed optional dependency /home/srijan/myapp/frontend/node_modules/@esbuild/win32-arm64
554 silly reify mark deleted [ '/home/srijan/myapp/frontend/node_modules/@esbuild/win32-arm64' ]
555 verbose reify failed optional dependency /home/srijan/myapp/frontend/node_modules/@esbuild/sunos-x64
556 silly reify mark deleted [ '/home/srijan/myapp/frontend/node_modules/@esbuild/sunos-x64' ]
557 verbose reify failed optional dependency /home/srijan/myapp/frontend/node_modules/@esbuild/openbsd-x64
558 silly reify mark deleted [ '/home/srijan/myapp/frontend/node_modules/@esbuild/openbsd-x64' ]
559 verbose reify failed optional dependency /home/srijan/myapp/frontend/node_modules/@esbuild/netbsd-x64
560 silly reify mark deleted [ '/home/srijan/myapp/frontend/node_modules/@esbuild/netbsd-x64' ]
561 verbose reify failed optional dependency /home/srijan/myapp/frontend/node_modules/@esbuild/linux-s390x
562 silly reify mark deleted [ '/home/srijan/myapp/frontend/node_modules/@esbuild/linux-s390x' ]
563 verbose reify failed optional dependency /home/srijan/myapp/frontend/node_modules/@esbuild/linux-riscv64
564 silly reify mark deleted [ '/home/srijan/myapp/frontend/node_modules/@esbuild/linux-riscv64' ]
565 verbose reify failed optional dependency /home/srijan/myapp/frontend/node_modules/@esbuild/linux-ppc64
566 silly reify mark deleted [ '/home/srijan/myapp/frontend/node_modules/@esbuild/linux-ppc64' ]
567 verbose reify failed optional dependency /home/srijan/myapp/frontend/node_modules/@esbuild/linux-mips64el
568 silly reify mark deleted [ '/home/srijan/myapp/frontend/node_modules/@esbuild/linux-mips64el' ]
569 verbose reify failed optional dependency /home/srijan/myapp/frontend/node_modules/@esbuild/linux-loong64
570 silly reify mark deleted [ '/home/srijan/myapp/frontend/node_modules/@esbuild/linux-loong64' ]
571 verbose reify failed optional dependency /home/srijan/myapp/frontend/node_modules/@esbuild/linux-ia32
572 silly reify mark deleted [ '/home/srijan/myapp/frontend/node_modules/@esbuild/linux-ia32' ]
573 verbose reify failed optional dependency /home/srijan/myapp/frontend/node_modules/@esbuild/linux-arm64
574 silly reify mark deleted [ '/home/srijan/myapp/frontend/node_modules/@esbuild/linux-arm64' ]
575 verbose reify failed optional dependency /home/srijan/myapp/frontend/node_modules/@esbuild/linux-arm
576 silly reify mark deleted [ '/home/srijan/myapp/frontend/node_modules/@esbuild/linux-arm' ]
577 verbose reify failed optional dependency /home/srijan/myapp/frontend/node_modules/@esbuild/freebsd-x64
578 silly reify mark deleted [ '/home/srijan/myapp/frontend/node_modules/@esbuild/freebsd-x64' ]
579 verbose reify failed optional dependency /home/srijan/myapp/frontend/node_modules/@esbuild/freebsd-arm64
580 silly reify mark deleted [ '/home/srijan/myapp/frontend/node_modules/@esbuild/freebsd-arm64' ]
581 verbose reify failed optional dependency /home/srijan/myapp/frontend/node_modules/@esbuild/darwin-x64
582 silly reify mark deleted [ '/home/srijan/myapp/frontend/node_modules/@esbuild/darwin-x64' ]
583 verbose reify failed optional dependency /home/srijan/myapp/frontend/node_modules/@esbuild/darwin-arm64
584 silly reify mark deleted [ '/home/srijan/myapp/frontend/node_modules/@esbuild/darwin-arm64' ]
585 verbose reify failed optional dependency /home/srijan/myapp/frontend/node_modules/@esbuild/android-x64
586 silly reify mark deleted [ '/home/srijan/myapp/frontend/node_modules/@esbuild/android-x64' ]
587 verbose reify failed optional dependency /home/srijan/myapp/frontend/node_modules/@esbuild/android-arm64
588 silly reify mark deleted [ '/home/srijan/myapp/frontend/node_modules/@esbuild/android-arm64' ]
589 verbose reify failed optional dependency /home/srijan/myapp/frontend/node_modules/@esbuild/android-arm
590 silly reify mark deleted [ '/home/srijan/myapp/frontend/node_modules/@esbuild/android-arm' ]
591 verbose reify failed optional dependency /home/srijan/myapp/frontend/node_modules/@esbuild/aix-ppc64
592 silly reify mark deleted [ '/home/srijan/myapp/frontend/node_modules/@esbuild/aix-ppc64' ]
593 verbose reify failed optional dependency /home/srijan/myapp/frontend/node_modules/fsevents
594 silly reify mark deleted [ '/home/srijan/myapp/frontend/node_modules/fsevents' ]
595 timing reifyNode:node_modules/@rollup/rollup-win32-x64-msvc Completed in 27ms
596 timing reifyNode:node_modules/@rollup/rollup-win32-x64-gnu Completed in 27ms
597 timing reifyNode:node_modules/@rollup/rollup-win32-ia32-msvc Completed in 27ms
598 timing reifyNode:node_modules/@rollup/rollup-win32-arm64-msvc Completed in 27ms
599 timing reifyNode:node_modules/@rollup/rollup-openharmony-arm64 Completed in 26ms
600 timing reifyNode:node_modules/@rollup/rollup-linux-s390x-gnu Completed in 26ms
601 timing reifyNode:node_modules/@rollup/rollup-linux-riscv64-musl Completed in 26ms
602 timing reifyNode:node_modules/@rollup/rollup-linux-riscv64-gnu Completed in 26ms
603 timing reifyNode:node_modules/@rollup/rollup-linux-ppc64-gnu Completed in 26ms
604 timing reifyNode:node_modules/@rollup/rollup-linux-loong64-gnu Completed in 26ms
605 timing reifyNode:node_modules/@rollup/rollup-linux-arm64-musl Completed in 26ms
606 timing reifyNode:node_modules/@rollup/rollup-linux-arm64-gnu Completed in 26ms
607 timing reifyNode:node_modules/@rollup/rollup-linux-arm-musleabihf Completed in 26ms
608 timing reifyNode:node_modules/@rollup/rollup-linux-arm-gnueabihf Completed in 26ms
609 timing reifyNode:node_modules/@rollup/rollup-freebsd-x64 Completed in 26ms
610 timing reifyNode:node_modules/@rollup/rollup-freebsd-arm64 Completed in 26ms
611 timing reifyNode:node_modules/@rollup/rollup-darwin-x64 Completed in 25ms
612 timing reifyNode:node_modules/@rollup/rollup-darwin-arm64 Completed in 25ms
613 timing reifyNode:node_modules/@rollup/rollup-android-arm64 Completed in 26ms
614 timing reifyNode:node_modules/@rollup/rollup-android-arm-eabi Completed in 26ms
615 timing reifyNode:node_modules/@esbuild/win32-x64 Completed in 26ms
616 timing reifyNode:node_modules/@esbuild/win32-ia32 Completed in 26ms
617 timing reifyNode:node_modules/@esbuild/win32-arm64 Completed in 26ms
618 timing reifyNode:node_modules/@esbuild/sunos-x64 Completed in 26ms
619 timing reifyNode:node_modules/@esbuild/openbsd-x64 Completed in 26ms
620 timing reifyNode:node_modules/@esbuild/netbsd-x64 Completed in 26ms
621 timing reifyNode:node_modules/@esbuild/linux-s390x Completed in 26ms
622 timing reifyNode:node_modules/@esbuild/linux-riscv64 Completed in 26ms
623 timing reifyNode:node_modules/@esbuild/linux-ppc64 Completed in 26ms
624 timing reifyNode:node_modules/@esbuild/linux-mips64el Completed in 26ms
625 timing reifyNode:node_modules/@esbuild/linux-loong64 Completed in 26ms
626 timing reifyNode:node_modules/@esbuild/linux-ia32 Completed in 26ms
627 timing reifyNode:node_modules/@esbuild/linux-arm64 Completed in 26ms
628 timing reifyNode:node_modules/@esbuild/linux-arm Completed in 26ms
629 timing reifyNode:node_modules/@esbuild/freebsd-x64 Completed in 26ms
630 timing reifyNode:node_modules/@esbuild/freebsd-arm64 Completed in 26ms
631 timing reifyNode:node_modules/@esbuild/darwin-x64 Completed in 26ms
632 timing reifyNode:node_modules/@esbuild/darwin-arm64 Completed in 26ms
633 timing reifyNode:node_modules/@esbuild/android-x64 Completed in 26ms
634 timing reifyNode:node_modules/@esbuild/android-arm64 Completed in 26ms
635 timing reifyNode:node_modules/@esbuild/android-arm Completed in 26ms
636 timing reifyNode:node_modules/@esbuild/aix-ppc64 Completed in 26ms
637 timing reifyNode:node_modules/fsevents Completed in 26ms
638 silly tarball no local data for baseline-browser-mapping@https://registry.npmjs.org/baseline-browser-mapping/-/baseline-browser-mapping-2.8.28.tgz. Extracting by manifest.
639 silly tarball no local data for typescript@https://registry.npmjs.org/typescript/-/typescript-5.9.3.tgz. Extracting by manifest.
640 http fetch POST 200 https://registry.npmjs.org/-/npm/v1/security/advisories/bulk 551ms
641 timing auditReport:getReport Completed in 555ms
642 silly audit report {
642 silly audit report   esbuild: [
642 silly audit report     {
642 silly audit report       id: 1102341,
642 silly audit report       url: 'https://github.com/advisories/GHSA-67mh-4wv8-2f99',
642 silly audit report       title: 'esbuild enables any website to send any requests to the development server and read the response',
642 silly audit report       severity: 'moderate',
642 silly audit report       vulnerable_versions: '<=0.24.2',
642 silly audit report       cwe: [Array],
642 silly audit report       cvss: [Object]
642 silly audit report     }
642 silly audit report   ]
642 silly audit report }
643 timing metavuln:packument:esbuild Completed in 0ms
644 timing reifyNode:node_modules/@types/babel__generator Completed in 591ms
645 timing reifyNode:node_modules/@types/babel__template Completed in 593ms
646 timing reifyNode:node_modules/ms Completed in 594ms
647 timing reifyNode:node_modules/lru-cache Completed in 608ms
648 timing reifyNode:node_modules/convert-source-map Completed in 611ms
649 timing reifyNode:node_modules/yallist Completed in 612ms
650 timing reifyNode:node_modules/@babel/helper-plugin-utils Completed in 614ms
651 timing reifyNode:node_modules/js-tokens Completed in 616ms
652 timing reifyNode:node_modules/@types/babel__core Completed in 615ms
653 timing reifyNode:node_modules/@babel/plugin-transform-react-jsx-self Completed in 616ms
654 timing reifyNode:node_modules/@babel/plugin-transform-react-jsx-source Completed in 617ms
655 timing reifyNode:node_modules/@types/estree Completed in 623ms
656 timing reifyNode:node_modules/picocolors Completed in 622ms
657 timing reifyNode:node_modules/@rolldown/pluginutils Completed in 621ms
658 timing reifyNode:node_modules/loose-envify Completed in 625ms
659 timing reifyNode:node_modules/@babel/helper-string-parser Completed in 626ms
660 timing reifyNode:node_modules/@babel/code-frame Completed in 627ms
661 timing reifyNode:node_modules/debug Completed in 629ms
662 timing metavuln:cache:get:security-advisory:esbuild:jKdCIzePj7J1488qgRXvF8Srh9wutSuR1exB8YooNX62hT+qhtrUXYbArLNoIhgwbaCqKpmduh18syZU7BR9SA== Completed in 83ms
663 timing metavuln:load:security-advisory:esbuild:1102341 Completed in 4ms
664 timing metavuln:calculate:security-advisory:esbuild:1102341 Completed in 88ms
665 timing metavuln:packument:vite Completed in 1ms
666 timing reifyNode:node_modules/@babel/helper-globals Completed in 642ms
667 timing reifyNode:node_modules/@types/babel__traverse Completed in 651ms
668 timing reifyNode:node_modules/update-browserslist-db Completed in 651ms
669 timing reifyNode:node_modules/gensync Completed in 654ms
670 timing reifyNode:node_modules/@jridgewell/resolve-uri Completed in 660ms
671 timing reifyNode:node_modules/node-releases Completed in 660ms
672 timing reifyNode:node_modules/jsesc Completed in 659ms
673 timing reifyNode:node_modules/@babel/helper-validator-option Completed in 660ms
674 timing reifyNode:node_modules/semver Completed in 660ms
675 timing reifyNode:node_modules/escalade Completed in 662ms
676 timing reifyNode:node_modules/browserslist Completed in 663ms
677 timing reifyNode:node_modules/@babel/helper-validator-identifier Completed in 665ms
678 timing reifyNode:node_modules/@vitejs/plugin-react Completed in 670ms
679 timing reifyNode:node_modules/react-refresh Completed in 673ms
680 timing reifyNode:node_modules/esbuild Completed in 675ms
681 timing reifyNode:node_modules/@babel/helper-module-imports Completed in 674ms
682 timing metavuln:cache:get:security-advisory:vite:tMBsdAS7JBTyRORp0YaJR984WAAsOxgmReSLBN0Nd41GhzEakjROICqAJ31iOdYG5Ijo/MlJ01p3ig1iN88+Tw== Completed in 40ms
683 timing metavuln:load:security-advisory:vite:jKdCIzePj7J1488qgRXvF8Srh9wutSuR1exB8YooNX62hT+qhtrUXYbArLNoIhgwbaCqKpmduh18syZU7BR9SA== Completed in 3ms
684 timing metavuln:calculate:security-advisory:vite:jKdCIzePj7J1488qgRXvF8Srh9wutSuR1exB8YooNX62hT+qhtrUXYbArLNoIhgwbaCqKpmduh18syZU7BR9SA== Completed in 43ms
685 timing metavuln:packument:@vitejs/plugin-react Completed in 0ms
686 timing reifyNode:node_modules/@babel/compat-data Completed in 704ms
687 timing reifyNode:node_modules/@babel/helper-compilation-targets Completed in 714ms
688 timing reifyNode:node_modules/electron-to-chromium Completed in 717ms
689 timing metavuln:cache:get:security-advisory:@vitejs/plugin-react:P4XDBxCt1M9jhU3wPSnbYo14hU9TEKKi3dRjV6pE6SGkUMgEqrUpLUvU/o4utnW6O2m8Mrkk3y+AtxEbBn/p0A== Completed in 26ms
690 timing metavuln:load:security-advisory:@vitejs/plugin-react:tMBsdAS7JBTyRORp0YaJR984WAAsOxgmReSLBN0Nd41GhzEakjROICqAJ31iOdYG5Ijo/MlJ01p3ig1iN88+Tw== Completed in 16ms
691 timing reifyNode:node_modules/@babel/template Completed in 744ms
692 timing reifyNode:node_modules/scheduler Completed in 749ms
693 timing reifyNode:node_modules/@babel/helper-module-transforms Completed in 750ms
694 timing reifyNode:node_modules/nanoid Completed in 755ms
695 timing reifyNode:node_modules/source-map-js Completed in 755ms
696 timing reifyNode:node_modules/@jridgewell/sourcemap-codec Completed in 769ms
697 timing metavuln:cache:put:security-advisory:@vitejs/plugin-react:P4XDBxCt1M9jhU3wPSnbYo14hU9TEKKi3dRjV6pE6SGkUMgEqrUpLUvU/o4utnW6O2m8Mrkk3y+AtxEbBn/p0A== Completed in 29ms
698 timing metavuln:calculate:security-advisory:@vitejs/plugin-react:tMBsdAS7JBTyRORp0YaJR984WAAsOxgmReSLBN0Nd41GhzEakjROICqAJ31iOdYG5Ijo/MlJ01p3ig1iN88+Tw== Completed in 71ms
699 timing auditReport:init Completed in 223ms
700 timing reify:audit Completed in 779ms
701 timing reifyNode:node_modules/@jridgewell/remapping Completed in 770ms
702 timing reifyNode:node_modules/json5 Completed in 771ms
703 timing reifyNode:node_modules/react Completed in 771ms
704 timing reifyNode:node_modules/@jridgewell/gen-mapping Completed in 775ms
705 http fetch GET 200 https://registry.npmjs.org/baseline-browser-mapping/-/baseline-browser-mapping-2.8.28.tgz 728ms (cache miss)
706 timing reifyNode:node_modules/baseline-browser-mapping Completed in 779ms
707 timing reifyNode:node_modules/@jridgewell/trace-mapping Completed in 806ms
708 timing reifyNode:node_modules/postcss Completed in 822ms
709 timing reifyNode:node_modules/@babel/generator Completed in 843ms
710 timing reifyNode:node_modules/@babel/traverse Completed in 876ms
711 timing reifyNode:node_modules/@babel/parser Completed in 878ms
712 timing reifyNode:node_modules/@rollup/rollup-linux-x64-gnu Completed in 882ms
713 timing reifyNode:node_modules/@rollup/rollup-linux-x64-musl Completed in 883ms
714 timing reifyNode:node_modules/rollup Completed in 940ms
715 timing reifyNode:node_modules/@babel/core Completed in 955ms
716 timing reifyNode:node_modules/vite Completed in 967ms
717 timing reifyNode:node_modules/react-dom Completed in 1009ms
718 timing reifyNode:node_modules/@babel/helpers Completed in 1014ms
719 timing reifyNode:node_modules/@babel/types Completed in 1058ms
720 timing reifyNode:node_modules/@esbuild/linux-x64 Completed in 1115ms
721 timing reifyNode:node_modules/caniuse-lite Completed in 1279ms
722 http fetch GET 200 https://registry.npmjs.org/typescript/-/typescript-5.9.3.tgz 1404ms (cache miss)
723 timing reifyNode:node_modules/typescript Completed in 1461ms
724 timing reify:unpack Completed in 1467ms
725 timing reify:unretire Completed in 1ms
726 timing build:queue Completed in 13ms
727 timing build:link:node_modules/@babel/parser Completed in 12ms
728 timing build:link:node_modules/loose-envify Completed in 10ms
729 timing build:link:node_modules/json5 Completed in 10ms
730 timing build:link:node_modules/rollup Completed in 10ms
731 timing build:link:node_modules/nanoid Completed in 10ms
732 timing build:link:node_modules/semver Completed in 9ms
733 timing build:link:node_modules/typescript Completed in 10ms
734 timing build:link:node_modules/update-browserslist-db Completed in 10ms
735 timing build:link:node_modules/baseline-browser-mapping Completed in 12ms
736 timing build:link:node_modules/vite Completed in 9ms
737 timing build:link:node_modules/esbuild Completed in 11ms
738 timing build:link:node_modules/jsesc Completed in 11ms
739 timing build:link:node_modules/browserslist Completed in 11ms
740 timing build:link Completed in 13ms
741 info run esbuild@0.21.5 postinstall node_modules/esbuild node install.js
742 info run esbuild@0.21.5 postinstall { code: 0, signal: null }
743 timing build:run:postinstall:node_modules/esbuild Completed in 839ms
744 timing build:run:postinstall Completed in 840ms
745 timing build:deps Completed in 867ms
746 timing build Completed in 868ms
747 timing reify:build Completed in 871ms
748 timing reify:trash Completed in 8ms
749 timing reify:save Completed in 71ms
750 timing reify Completed in 16393ms
751 silly ADD node_modules/@types/estree
752 silly ADD
753 silly ADD
754 silly ADD
755 silly ADD
756 silly ADD
757 silly ADD node_modules/@rollup/rollup-linux-x64-musl
758 silly ADD node_modules/@rollup/rollup-linux-x64-gnu
759 silly ADD
760 silly ADD
761 silly ADD
762 silly ADD
763 silly ADD
764 silly ADD
765 silly ADD
766 silly ADD
767 silly ADD
768 silly ADD
769 silly ADD
770 silly ADD
771 silly ADD
772 silly ADD
773 silly ADD
774 silly ADD node_modules/source-map-js
775 silly ADD node_modules/nanoid
776 silly ADD
777 silly ADD
778 silly ADD
779 silly ADD
780 silly ADD
781 silly ADD
782 silly ADD node_modules/@esbuild/linux-x64
783 silly ADD
784 silly ADD
785 silly ADD
786 silly ADD
787 silly ADD
788 silly ADD
789 silly ADD
790 silly ADD
791 silly ADD
792 silly ADD
793 silly ADD
794 silly ADD
795 silly ADD
796 silly ADD
797 silly ADD
798 silly ADD
799 silly ADD node_modules/rollup
800 silly ADD node_modules/postcss
801 silly ADD
802 silly ADD node_modules/esbuild
803 silly ADD node_modules/escalade
804 silly ADD node_modules/scheduler
805 silly ADD node_modules/loose-envify
806 silly ADD node_modules/yallist
807 silly ADD node_modules/ms
808 silly ADD node_modules/update-browserslist-db
809 silly ADD node_modules/node-releases
810 silly ADD node_modules/electron-to-chromium
811 silly ADD node_modules/caniuse-lite
812 silly ADD node_modules/baseline-browser-mapping
813 silly ADD node_modules/@types/babel__traverse
814 silly ADD node_modules/@types/babel__template
815 silly ADD node_modules/@types/babel__generator
816 silly ADD node_modules/@jridgewell/resolve-uri
817 silly ADD node_modules/@jridgewell/sourcemap-codec
818 silly ADD node_modules/@babel/helper-string-parser
819 silly ADD node_modules/@babel/helper-globals
820 silly ADD node_modules/@babel/helper-plugin-utils
821 silly ADD node_modules/@babel/helper-module-imports
822 silly ADD node_modules/lru-cache
823 silly ADD node_modules/browserslist
824 silly ADD node_modules/@babel/helper-validator-option
825 silly ADD node_modules/@babel/compat-data
826 silly ADD node_modules/jsesc
827 silly ADD node_modules/@jridgewell/trace-mapping
828 silly ADD node_modules/@jridgewell/gen-mapping
829 silly ADD node_modules/picocolors
830 silly ADD node_modules/js-tokens
831 silly ADD node_modules/@babel/helper-validator-identifier
832 silly ADD node_modules/semver
833 silly ADD node_modules/json5
834 silly ADD node_modules/gensync
835 silly ADD node_modules/debug
836 silly ADD node_modules/convert-source-map
837 silly ADD node_modules/@jridgewell/remapping
838 silly ADD node_modules/@babel/types
839 silly ADD node_modules/@babel/traverse
840 silly ADD node_modules/@babel/template
841 silly ADD node_modules/@babel/parser
842 silly ADD node_modules/@babel/helpers
843 silly ADD node_modules/@babel/helper-module-transforms
844 silly ADD node_modules/@babel/helper-compilation-targets
845 silly ADD node_modules/@babel/generator
846 silly ADD node_modules/@babel/code-frame
847 silly ADD node_modules/react-refresh
848 silly ADD node_modules/@types/babel__core
849 silly ADD node_modules/@rolldown/pluginutils
850 silly ADD node_modules/@babel/plugin-transform-react-jsx-source
851 silly ADD node_modules/@babel/plugin-transform-react-jsx-self
852 silly ADD node_modules/@babel/core
853 silly ADD node_modules/typescript
854 silly ADD node_modules/react-dom
855 silly ADD node_modules/react
856 silly ADD node_modules/vite
857 silly ADD node_modules/@vitejs/plugin-react
858 timing command:install Completed in 16416ms
859 verbose exit 0
860 timing npm Completed in 16506ms
861 info ok
