0 verbose cli /usr/bin/node /usr/bin/npm
1 info using npm@9.2.0
2 info using node@v18.19.1
3 timing npm:load:whichnode Completed in 1ms
4 timing config:load:defaults Completed in 6ms
5 timing config:load:file:/usr/share/nodejs/npm/npmrc Completed in 7ms
6 timing config:load:builtin Completed in 7ms
7 timing config:load:cli Completed in 5ms
8 timing config:load:env Completed in 1ms
9 timing config:load:file:/home/srijan/myapp/frontend/.npmrc Completed in 1ms
10 timing config:load:project Completed in 8ms
11 timing config:load:file:/home/srijan/.npmrc Completed in 0ms
12 timing config:load:user Completed in 1ms
13 timing config:load:file:/etc/npmrc Completed in 0ms
14 timing config:load:global Completed in 1ms
15 timing config:load:setEnvs Completed in 3ms
16 timing config:load Completed in 33ms
17 timing npm:load:configload Completed in 34ms
18 timing npm:load:mkdirpcache Completed in 1ms
19 timing npm:load:mkdirplogs Completed in 1ms
20 verbose title npm run dev --host
21 verbose argv "run" "dev" "--" "--host"
22 timing npm:load:setTitle Completed in 5ms
23 timing config:load:flatten Completed in 9ms
24 timing npm:load:display Completed in 15ms
25 verbose logfile logs-max:10 dir:/home/srijan/.npm/_logs/2025-11-13T15_13_33_005Z-
26 verbose logfile /home/srijan/.npm/_logs/2025-11-13T15_13_33_005Z-debug-0.log
27 timing npm:load:logFile Completed in 26ms
28 timing npm:load:timers Completed in 0ms
29 timing npm:load:configScope Completed in 0ms
30 timing npm:load Completed in 83ms
31 silly logfile start cleaning logs, removing 1 files
32 timing config:load:flatten Completed in 1ms
33 silly logfile done cleaning log files
