0 verbose cli /usr/bin/node /usr/bin/npm
1 info using npm@9.2.0
2 info using node@v18.19.1
3 timing npm:load:whichnode Completed in 1ms
4 timing config:load:defaults Completed in 2ms
5 timing config:load:file:/usr/share/nodejs/npm/npmrc Completed in 4ms
6 timing config:load:builtin Completed in 4ms
7 timing config:load:cli Completed in 1ms
8 timing config:load:env Completed in 1ms
9 timing config:load:project Completed in 3ms
10 timing config:load:file:/home/srijan/.npmrc Completed in 0ms
11 timing config:load:user Completed in 0ms
12 timing config:load:file:/etc/npmrc Completed in 0ms
13 timing config:load:global Completed in 0ms
14 timing config:load:setEnvs Completed in 1ms
15 timing config:load Completed in 13ms
16 timing npm:load:configload Completed in 13ms
17 timing npm:load:mkdirpcache Completed in 1ms
18 timing npm:load:mkdirplogs Completed in 2ms
19 verbose title npm install prisma @prisma/client
20 verbose argv "install" "prisma" "@prisma/client"
21 timing npm:load:setTitle Completed in 2ms
22 timing config:load:flatten Completed in 3ms
23 timing npm:load:display Completed in 4ms
24 verbose logfile logs-max:10 dir:/home/srijan/.npm/_logs/2026-02-08T02_56_09_747Z-
25 verbose logfile /home/srijan/.npm/_logs/2026-02-08T02_56_09_747Z-debug-0.log
26 timing npm:load:logFile Completed in 11ms
27 timing npm:load:timers Completed in 0ms
28 timing npm:load:configScope Completed in 0ms
29 timing npm:load Completed in 34ms
30 silly logfile start cleaning logs, removing 1 files
31 timing config:load:flatten Completed in 1ms
32 timing arborist:ctor Completed in 1ms
33 silly logfile done cleaning log files
34 timing arborist:ctor Completed in 1ms
35 timing idealTree:init Completed in 11ms
36 timing idealTree:userRequests Completed in 4ms
37 silly idealTree buildDeps
38 silly fetch manifest prisma@*
39 http fetch GET 200 https://registry.npmjs.org/prisma 4463ms (cache miss)
40 silly fetch manifest better-sqlite3@>=9.0.0
41 http fetch GET 200 https://registry.npmjs.org/better-sqlite3 437ms (cache miss)
42 silly fetch manifest typescript@>=5.4.0
43 http fetch GET 200 https://registry.npmjs.org/typescript 1682ms (cache updated)
44 silly fetch manifest @prisma/client@*
45 http fetch GET 200 https://registry.npmjs.org/@prisma%2fclient 4560ms (cache miss)
46 silly placeDep ROOT @prisma/client@7.3.0 OK for:  want: *
47 silly placeDep ROOT prisma@7.3.0 OK for:  want: *
48 silly fetch manifest @prisma/client-runtime-utils@7.3.0
49 silly fetch manifest mysql2@3.15.3
50 silly fetch manifest postgres@3.4.7
51 silly fetch manifest @prisma/dev@0.20.0
52 silly fetch manifest @prisma/config@7.3.0
53 silly fetch manifest @prisma/engines@7.3.0
54 silly fetch manifest @prisma/studio-core@0.13.1
55 http fetch GET 200 https://registry.npmjs.org/mysql2 513ms (cache miss)
56 http fetch GET 200 https://registry.npmjs.org/@prisma%2fclient-runtime-utils 1163ms (cache miss)
57 http fetch GET 200 https://registry.npmjs.org/postgres 1229ms (cache miss)
58 http fetch GET 200 https://registry.npmjs.org/@prisma%2fstudio-core 1364ms (cache miss)
59 http fetch GET 200 https://registry.npmjs.org/@prisma%2fconfig 1447ms (cache miss)
60 http fetch GET 200 https://registry.npmjs.org/@prisma%2fdev 1939ms (cache miss)
61 http fetch GET 200 https://registry.npmjs.org/@prisma%2fengines 4599ms (cache miss)
62 timing idealTree:#root Completed in 16394ms
63 silly placeDep ROOT @prisma/client-runtime-utils@7.3.0 OK for: @prisma/client@7.3.0 want: 7.3.0
64 timing idealTree:node_modules/@prisma/client Completed in 19ms
65 timing idealTree:node_modules/@prisma/client-runtime-utils Completed in 0ms
66 silly fetch manifest @types/react@^18.0.0 || ^19.0.0
67 http fetch GET 200 https://registry.npmjs.org/@types%2freact 302ms (cache updated)
68 silly fetch manifest react@^18.0.0 || ^19.0.0
69 http fetch GET 200 https://registry.npmjs.org/react 1357ms (cache updated)
70 silly fetch manifest react-dom@^18.0.0 || ^19.0.0
71 http fetch GET 200 https://registry.npmjs.org/react-dom 1233ms (cache updated)
72 silly placeDep ROOT @prisma/config@7.3.0 OK for: prisma@7.3.0 want: 7.3.0
73 silly placeDep ROOT @prisma/dev@0.20.0 OK for: prisma@7.3.0 want: 0.20.0
74 silly placeDep ROOT @prisma/engines@7.3.0 OK for: prisma@7.3.0 want: 7.3.0
75 silly placeDep ROOT @prisma/studio-core@0.13.1 OK for: prisma@7.3.0 want: 0.13.1
76 silly placeDep ROOT react@19.2.4 OK for: @prisma/studio-core@0.13.1 want: ^18.0.0 || ^19.0.0
77 silly placeDep ROOT react-dom@19.2.4 OK for: @prisma/studio-core@0.13.1 want: ^18.0.0 || ^19.0.0
78 silly placeDep ROOT @types/react@19.2.13 OK for: @prisma/studio-core@0.13.1 want: ^18.0.0 || ^19.0.0
79 silly placeDep ROOT mysql2@3.15.3 OK for: prisma@7.3.0 want: 3.15.3
80 silly placeDep ROOT postgres@3.4.7 OK for: prisma@7.3.0 want: 3.4.7
81 silly fetch manifest c12@3.1.0
82 silly fetch manifest effect@3.18.4
83 silly fetch manifest empathic@2.0.0
84 silly fetch manifest deepmerge-ts@7.1.5
85 silly fetch manifest hono@4.11.4
86 silly fetch manifest pathe@2.0.3
87 silly fetch manifest remeda@2.33.4
88 silly fetch manifest std-env@3.10.0
89 silly fetch manifest valibot@1.2.0
90 silly fetch manifest zeptomatch@2.1.0
91 silly fetch manifest get-port-please@3.2.0
92 silly fetch manifest proper-lockfile@4.1.2
93 silly fetch manifest foreground-child@3.3.1
94 silly fetch manifest @hono/node-server@1.19.9
95 silly fetch manifest http-status-codes@2.3.0
96 silly fetch manifest @mrleebo/prisma-ast@0.13.1
97 silly fetch manifest @electric-sql/pglite@0.3.15
98 silly fetch manifest @prisma/get-platform@7.2.0
99 silly fetch manifest @electric-sql/pglite-tools@0.2.20
100 silly fetch manifest @electric-sql/pglite-socket@0.0.20
101 silly fetch manifest @prisma/query-plan-executor@7.2.0
102 silly fetch manifest @prisma/debug@7.3.0
103 silly fetch manifest @prisma/fetch-engine@7.3.0
104 silly fetch manifest @prisma/get-platform@7.3.0
105 silly fetch manifest @prisma/engines-version@7.3.0-16.9d6ad21cbbceab97458517b147a6a09ff43aa735
106 silly fetch manifest csstype@^3.2.2
107 silly fetch manifest scheduler@^0.27.0
108 silly fetch manifest long@^5.2.1
109 silly fetch manifest denque@^2.1.0
110 silly fetch manifest lru.min@^1.0.0
111 silly fetch manifest seq-queue@^0.0.5
112 silly fetch manifest sqlstring@^2.3.2
113 silly fetch manifest iconv-lite@^0.7.0
114 silly fetch manifest aws-ssl-profiles@^1.1.1
115 silly fetch manifest generate-function@^2.3.1
116 silly fetch manifest named-placeholders@^1.1.3
117 http fetch GET 200 https://registry.npmjs.org/effect 441ms (cache miss)
118 http fetch GET 200 https://registry.npmjs.org/empathic 451ms (cache miss)
119 http fetch GET 200 https://registry.npmjs.org/pathe 453ms (cache miss)
120 http fetch GET 200 https://registry.npmjs.org/std-env 476ms (cache miss)
121 http fetch GET 200 https://registry.npmjs.org/deepmerge-ts 495ms (cache miss)
122 http fetch GET 200 https://registry.npmjs.org/zeptomatch 505ms (cache miss)
123 http fetch GET 200 https://registry.npmjs.org/c12 788ms (cache miss)
124 http fetch GET 200 https://registry.npmjs.org/http-status-codes 864ms (cache miss)
125 http fetch GET 200 https://registry.npmjs.org/@mrleebo%2fprisma-ast 1117ms (cache miss)
126 http fetch GET 200 https://registry.npmjs.org/proper-lockfile 1178ms (cache miss)
127 http fetch GET 200 https://registry.npmjs.org/valibot 1254ms (cache miss)
128 http fetch GET 200 https://registry.npmjs.org/get-port-please 1261ms (cache miss)
129 http fetch GET 200 https://registry.npmjs.org/remeda 1271ms (cache miss)
130 http fetch GET 200 https://registry.npmjs.org/@electric-sql%2fpglite 1420ms (cache miss)
131 http fetch GET 200 https://registry.npmjs.org/hono 1482ms (cache miss)
132 http fetch GET 200 https://registry.npmjs.org/@electric-sql%2fpglite-tools 1495ms (cache miss)
133 http fetch GET 200 https://registry.npmjs.org/lru.min 1656ms (cache miss)
134 http fetch GET 200 https://registry.npmjs.org/denque 1674ms (cache miss)
135 http fetch GET 200 https://registry.npmjs.org/@hono%2fnode-server 1844ms (cache miss)
136 http fetch GET 200 https://registry.npmjs.org/named-placeholders 1981ms (cache miss)
137 http fetch GET 200 https://registry.npmjs.org/sqlstring 2368ms (cache miss)
138 http fetch GET 200 https://registry.npmjs.org/@prisma%2fquery-plan-executor 2513ms (cache miss)
139 http fetch GET 200 https://registry.npmjs.org/generate-function 2551ms (cache miss)
140 http fetch GET 200 https://registry.npmjs.org/aws-ssl-profiles 2553ms (cache miss)
141 http fetch GET 200 https://registry.npmjs.org/seq-queue 2572ms (cache miss)
142 http fetch GET 200 https://registry.npmjs.org/iconv-lite 2779ms (cache updated)
143 http fetch GET 200 https://registry.npmjs.org/@electric-sql%2fpglite-socket 2899ms (cache miss)
144 http fetch GET 200 https://registry.npmjs.org/csstype 3390ms (cache updated)
145 http fetch GET 200 https://registry.npmjs.org/long 3790ms (cache revalidated)
146 http fetch GET 200 https://registry.npmjs.org/foreground-child 3851ms (cache updated)
